Component: ARM Compiler 5.06 update 1 (build 61) Tool: armlink [4d35a8]

==============================================================================

Section Cross References

    los_startup_keil.o(RESET) refers (Special) to los_dispatch_keil.o(.text) for osPendSV
    los_startup_keil.o(RESET) refers to system_stm32f4xx.o(i.SystemInit) for SystemInit
    los_startup_keil.o(RESET) refers to __main.o(!!!main) for __main
    main.o(i.TIM3_Config) refers to stm32f4xx_rcc.o(i.RCC_APB1PeriphClockCmd) for RCC_APB1PeriphClockCmd
    main.o(i.TIM3_Config) refers to stm32f4xx_tim.o(i.TIM_TimeBaseInit) for TIM_TimeBaseInit
    main.o(i.TIM3_Config) refers to stm32f4xx_tim.o(i.TIM_ITConfig) for TIM_ITConfig
    main.o(i.TIM3_Config) refers to stm32f4xx_tim.o(i.TIM_Cmd) for TIM_Cmd
    main.o(i.TIM3_Config) refers to misc.o(i.NVIC_Init) for NVIC_Init
    main.o(i.TIM3_IRQHandler) refers to stm32f4xx_tim.o(i.TIM_GetITStatus) for TIM_GetITStatus
    main.o(i.TIM3_IRQHandler) refers to stm32f4xx_tim.o(i.TIM_ClearITPendingBit) for TIM_ClearITPendingBit
    main.o(i.TIM3_IRQHandler) refers to main.o(.data) for LocalTime
    main.o(i.creat_task1) refers to los_task.o(i.LOS_TaskCreate) for LOS_TaskCreate
    main.o(i.creat_task1) refers to main.o(i.task1) for task1
    main.o(i.creat_task1) refers to main.o(.data) for g_TskHandle
    main.o(i.creat_task2) refers to los_task.o(i.LOS_TaskCreate) for LOS_TaskCreate
    main.o(i.creat_task2) refers to main.o(i.task2) for task2
    main.o(i.creat_task2) refers to main.o(.data) for g_TskHandle
    main.o(i.hardware_init) refers to _printf_percent.o(.ARM.Collect$$_printf_percent$$00000000) for _printf_percent
    main.o(i.hardware_init) refers to _printf_d.o(.ARM.Collect$$_printf_percent$$00000009) for _printf_d
    main.o(i.hardware_init) refers to _printf_dec.o(.text) for _printf_int_dec
    main.o(i.hardware_init) refers to bsp_led.o(i.LED_GPIO_Config) for LED_GPIO_Config
    main.o(i.hardware_init) refers to bsp_key.o(i.Key1_GPIO_Config) for Key1_GPIO_Config
    main.o(i.hardware_init) refers to bsp_key.o(i.Key2_GPIO_Config) for Key2_GPIO_Config
    main.o(i.hardware_init) refers to bsp_key.o(i.KeyCreate) for KeyCreate
    main.o(i.hardware_init) refers to bsp_debug_usart.o(i.Debug_USART_Config) for Debug_USART_Config
    main.o(i.hardware_init) refers to dwt.o(i.DelayInit) for DelayInit
    main.o(i.hardware_init) refers to los_hwi.o(i.LOS_HwiCreate) for LOS_HwiCreate
    main.o(i.hardware_init) refers to main.o(i.TIM3_Config) for TIM3_Config
    main.o(i.hardware_init) refers to __2printf.o(.text) for __2printf
    main.o(i.hardware_init) refers to bsp_key.o(i.GetPinStateOfKey1) for GetPinStateOfKey1
    main.o(i.hardware_init) refers to main.o(.data) for Key1
    main.o(i.hardware_init) refers to bsp_key.o(i.GetPinStateOfKey2) for GetPinStateOfKey2
    main.o(i.hardware_init) refers to system_stm32f4xx.o(.data) for SystemCoreClock
    main.o(i.hardware_init) refers to main.o(i.TIM3_IRQHandler) for TIM3_IRQHandler
    main.o(i.main) refers to los_init.o(i.LOS_KernelInit) for LOS_KernelInit
    main.o(i.main) refers to main.o(i.hardware_init) for hardware_init
    main.o(i.main) refers to main.o(i.creat_task1) for creat_task1
    main.o(i.main) refers to main.o(i.creat_task2) for creat_task2
    main.o(i.main) refers to los_init.o(i.LOS_Start) for LOS_Start
    main.o(i.task1) refers to __2printf.o(.text) for __2printf
    main.o(i.task1) refers to lan8742a.o(i.ETH_BSP_Config) for ETH_BSP_Config
    main.o(i.task1) refers to tcpip.o(i.tcpip_init) for tcpip_init
    main.o(i.task1) refers to netif.o(i.netif_add) for netif_add
    main.o(i.task1) refers to netif.o(i.netif_set_default) for netif_set_default
    main.o(i.task1) refers to netif.o(i.netif_set_up) for netif_set_up
    main.o(i.task1) refers to netif.o(i.netif_set_down) for netif_set_down
    main.o(i.task1) refers to lwm2mclient.o(i.lwm2m_main) for lwm2m_main
    main.o(i.task1) refers to tcpip.o(i.tcpip_input) for tcpip_input
    main.o(i.task1) refers to ethernetif.o(i.ethernetif_init) for ethernetif_init
    main.o(i.task1) refers to main.o(.bss) for gnetif
    main.o(i.task2) refers to _printf_percent.o(.ARM.Collect$$_printf_percent$$00000000) for _printf_percent
    main.o(i.task2) refers to _printf_d.o(.ARM.Collect$$_printf_percent$$00000009) for _printf_d
    main.o(i.task2) refers to _printf_dec.o(.text) for _printf_int_dec
    main.o(i.task2) refers to __2printf.o(.text) for __2printf
    main.o(i.task2) refers to los_task.o(i.LOS_TaskDelay) for LOS_TaskDelay
    stm32f4xx_it.o(i.HardFault_Handler) refers to __2printf.o(.text) for __2printf
    system_stm32f4xx.o(i.SystemCoreClockUpdate) refers to system_stm32f4xx.o(.data) for SystemCoreClock
    system_stm32f4xx.o(i.SystemInit) refers to system_stm32f4xx.o(i.SetSysClock) for SetSysClock
    dwt.o(i.Delay10ms) refers to dwt.o(i.Delayus) for Delayus
    dwt.o(i.DelayInit) refers to dwt.o(.data) for cpuclkfeq
[...]
    0x08002ba4   0x000000bc   Code   RO         8484    i.LOS_HwiCreate     los_hwi.o
    0x08002c60   0x00000012   Code   RO         8347    i.LOS_KernelInit    los_init.o
    0x08002c72   0x0000000e   Code   RO         7123    i.LOS_ListAdd       los_task.o
    0x08002c80   0x0000000e   Code   RO         7555    i.LOS_ListAdd       los_mux.o
    0x08002c8e   0x0000000e   Code   RO         7644    i.LOS_ListAdd       los_queue.o
    0x08002c9c   0x0000000e   Code   RO         7791    i.LOS_ListAdd       los_sem.o
    0x08002caa   0x00000014   Code   RO         7124    i.LOS_ListDelete    los_task.o
    0x08002cbe   0x00000010   Code   RO         7125    i.LOS_ListEmpty     los_task.o
    0x08002cce   0x00000010   Code   RO         7645    i.LOS_ListEmpty     los_queue.o
    0x08002cde   0x00000010   Code   RO         7792    i.LOS_ListEmpty     los_sem.o
    0x08002cee   0x00000006   Code   RO         7126    i.LOS_ListInit      los_task.o
    0x08002cf4   0x00000006   Code   RO         7557    i.LOS_ListInit      los_mux.o
    0x08002cfa   0x00000006   Code   RO         7646    i.LOS_ListInit      los_queue.o
    0x08002d00   0x00000006   Code   RO         7793    i.LOS_ListInit      los_sem.o
    0x08002d06   0x00000010   Code   RO         7127    i.LOS_ListTailInsert  los_task.o
    0x08002d16   0x00000028   Code   RO         7064    i.LOS_MS2Tick       los_sys.o
    0x08002d3e   0x0000002a   Code   RO         8012    i.LOS_MemAlloc      los_memory.o
    0x08002d68   0x00000012   Code   RO         8013    i.LOS_MemAllocAlign  los_memory.o
    0x08002d7a   0x00000034   Code   RO         8014    i.LOS_MemFree       los_memory.o
    0x08002dae   0x00000056   Code   RO         8016    i.LOS_MemInit       los_memory.o
    0x08002e04   0x000000dc   Code   RO         7647    i.LOS_QueueCreate   los_queue.o
    0x08002ee0   0x00000036   Code   RO         7651    i.LOS_QueueReadCopy  los_queue.o
    0x08002f16   0x00000036   Code   RO         7653    i.LOS_QueueWriteCopy  los_queue.o
    0x08002f4c   0x00000040   Code   RO         8408    i.LOS_Schedule      los_hw.o
    0x08002f8c   0x00000014   Code   RO         7794    i.LOS_SemCreate     los_sem.o
    0x08002fa0   0x000000a0   Code   RO         7795    i.LOS_SemDelete     los_sem.o
    0x08003040   0x00000180   Code   RO         7796    i.LOS_SemPend       los_sem.o
    0x080031c0   0x000000bc   Code   RO         7797    i.LOS_SemPost       los_sem.o
    0x0800327c   0x0000000c   Code   RO         8348    i.LOS_Start         los_init.o
    0x08003288   0x0000009c   Code   RO         7130    i.LOS_TaskCreate    los_task.o
    0x08003324   0x00000180   Code   RO         7131    i.LOS_TaskCreateOnly  los_task.o
    0x080034a4   0x00000080   Code   RO         7132    i.LOS_TaskDelay     los_task.o
    0x08003524   0x00000094   Code   RO         7145    i.LOS_TaskYield     los_task.o
    0x080035b8   0x0000000c   Code   RO         7066    i.LOS_TickCountGet  los_sys.o
    0x080035c4   0x00000078   Code   RO         1378    i.NVIC_Init         misc.o
    0x0800363c   0x00000020   Code   RO         4170    i.RCC_AHB1PeriphClockCmd  stm32f4xx_rcc.o
    0x0800365c   0x00000020   Code   RO         4172    i.RCC_AHB1PeriphResetCmd  stm32f4xx_rcc.o
    0x0800367c   0x00000020   Code   RO         4179    i.RCC_APB1PeriphClockCmd  stm32f4xx_rcc.o
    0x0800369c   0x00000020   Code   RO         4182    i.RCC_APB2PeriphClockCmd  stm32f4xx_rcc.o
    0x080036bc   0x000000e8   Code   RO         4191    i.RCC_GetClocksFreq  stm32f4xx_rcc.o
    0x080037a4   0x0000000c   Code   RO         4514    i.RNG_GetRandomNumber  stm32f4xx_rng.o
    0x080037b0   0x0000000c   Code   RO         5489    i.SYSCFG_ETH_MediaInterfaceConfig  stm32f4xx_syscfg.o
    0x080037bc   0x00000120   Code   RO          535    i.SetSysClock       system_stm32f4xx.o
    0x080038dc   0x00000068   Code   RO          537    i.SystemInit        system_stm32f4xx.o
    0x08003944   0x0000005c   Code   RO           10    i.TIM3_Config       main.o
    0x080039a0   0x0000002c   Code   RO           11    i.TIM3_IRQHandler   main.o
    0x080039cc   0x00000006   Code   RO         5558    i.TIM_ClearITPendingBit  stm32f4xx_tim.o
    0x080039d2   0x00000018   Code   RO         5563    i.TIM_Cmd           stm32f4xx_tim.o
    0x080039ea   0x00000022   Code   RO         5584    i.TIM_GetITStatus   stm32f4xx_tim.o
    0x08003a0c   0x00000012   Code   RO         5588    i.TIM_ITConfig      stm32f4xx_tim.o
    0x08003a1e   0x00000002   PAD
    0x08003a20   0x00000084   Code   RO         5635    i.TIM_TimeBaseInit  stm32f4xx_tim.o
    0x08003aa4   0x00000012   Code   RO         6113    i.USART_ClearFlag   stm32f4xx_usart.o
    0x08003ab6   0x00000018   Code   RO         6117    i.USART_Cmd         stm32f4xx_usart.o
    0x08003ace   0x0000001a   Code   RO         6120    i.USART_GetFlagStatus  stm32f4xx_usart.o
    0x08003ae8   0x000000d4   Code   RO         6124    i.USART_Init        stm32f4xx_usart.o
    0x08003bbc   0x00000008   Code   RO         6134    i.USART_SendData    stm32f4xx_usart.o
    0x08003bc4   0x0000000e   Code   RO        15395    i._is_digit         c_w.l(__printf_wp.o)
    0x08003bd2   0x00000002   PAD
    0x08003bd4   0x00000040   Code   RO        14559    i.acc_ctrl_create_object  object_access_control.o
    0x08003c14   0x00000054   Code   RO        14560    i.acc_ctrl_obj_add_inst  object_access_control.o
    0x08003c68   0x0000002e   Code   RO        14561    i.acc_ctrl_oi_add_ac_val  object_access_control.o
    0x08003c96   0x00000024   Code   RO        14562    i.acl_ctrl_free_object  object_access_control.o
    0x08003cba   0x00000002   PAD
    0x08003cbc   0x00000098   Code   RO         9272    i.alloc_socket      sockets.o
    0x08003d54   0x0000001c   Code   RO         8555    i.arp_timer         ethernetif.o
    0x08003d70   0x00000038   Code   RO        14994    i.clean_security_object  object_security.o
    0x08003da8   0x0000001e   Code   RO        15063    i.clean_server_object  object_server.o
    0x08003dc6   0x00000002   PAD
    0x08003dc8   0x00000118   Code   RO        12554    i.coap_add_data     pdu.o
    0x08003ee0   0x00000068   Code   RO        12555    i.coap_add_multi_option  pdu.o
    0x08003f48   0x000000e4   Code   RO        12556    i.coap_add_option   pdu.o
    0x0800402c   0x00000044   Code   RO        12558    i.coap_add_token    pdu.o
    0x08004070   0x000000da   Code   RO        13201    i.coap_block1_handler  block1.o
    0x0800414a   0x0000003c   Code   RO        12434    i.coap_check_option  option.o
    0x08004186   0x00000016   Code   RO        12559    i.coap_delete_pdu   pdu.o
    0x0800419c   0x00000010   Code   RO        12080    i.coap_fls          encode.o
    0x080041ac   0x00000014   Code   RO        12560    i.coap_free         pdu.o
    0x080041c0   0x0000001a   Code   RO        12561    i.coap_free_header  pdu.o
    0x080041da   0x0000000e   Code   RO        12562    i.coap_free_type    pdu.o
    0x080041e8   0x00000052   Code   RO        12564    i.coap_get_header_block1  pdu.o
    0x0800423a   0x00000052   Code   RO        12565    i.coap_get_header_block2  pdu.o
    0x0800428c   0x00000026   Code   RO        12566    i.coap_get_header_observe  pdu.o
    0x080042b2   0x00000024   Code   RO        12567    i.coap_get_header_token  pdu.o
    0x080042d6   0x00000052   Code   RO        12568    i.coap_get_multi_option_as_string  pdu.o
    0x08004328   0x00000018   Code   RO        12569    i.coap_malloc       pdu.o
    0x08004340   0x0000000e   Code   RO        12570    i.coap_malloc_type  pdu.o
    0x0800434e   0x00000002   PAD
    0x08004350   0x000000d8   Code   RO        12436    i.coap_opt_encode   option.o
    0x08004428   0x0000017c   Code   RO        12438    i.coap_opt_parse    option.o
    0x080045a4   0x0000016c   Code   RO        12439    i.coap_opt_setheader  option.o
    0x08004710   0x00000012   Code   RO        12442    i.coap_option_filter_get  option.o
    0x08004722   0x000000d6   Code   RO        12443    i.coap_option_filter_op  option.o
    0x080047f8   0x00000012   Code   RO        12444    i.coap_option_filter_set  option.o
    0x0800480a   0x00000002   PAD
    0x0800480c   0x00000154   Code   RO        12446    i.coap_option_iterator_init  option.o
    0x08004960   0x00000140   Code   RO        12447    i.coap_option_next  option.o
    0x08004aa0   0x0000001a   Code   RO        12572    i.coap_parse_int_option  pdu.o
    0x08004aba   0x00000002   PAD
    0x08004abc   0x00000718   Code   RO        12573    i.coap_parse_message  pdu.o
    0x080051d4   0x000000c0   Code   RO        12574    i.coap_pdu_clear    pdu.o
    0x08005294   0x00000108   Code   RO        12576    i.coap_pdu_init     pdu.o
    0x0800539c   0x00000030   Code   RO        12579    i.coap_set_header_block1  pdu.o
    0x080053cc   0x00000038   Code   RO        12580    i.coap_set_header_block2  pdu.o
    0x08005404   0x0000001e   Code   RO        12581    i.coap_set_header_content_type  pdu.o
    0x08005422   0x00000064   Code   RO        12582    i.coap_set_header_location_path  pdu.o
    0x08005486   0x0000000e   Code   RO        12583    i.coap_set_header_observe  pdu.o
    0x08005494   0x00000064   Code   RO        12584    i.coap_set_header_uri_path  pdu.o
    0x080054f8   0x00000064   Code   RO        12585    i.coap_set_header_uri_query  pdu.o
    0x0800555c   0x0000001a   Code   RO        12586    i.coap_set_status_code  pdu.o
    0x08005576   0x0000008e   Code   RO        14704    i.conn_s_updateRxStatistic  object_connectivity_stat.o
    0x08005604   0x000000a8   Code   RO        14345    i.connection_create  connection.o
    0x080056ac   0x00000032   Code   RO        14346    i.connection_find   connection.o
    0x080056de   0x00000018   Code   RO        14347    i.connection_free   connection.o
    0x080056f6   0x0000002e   Code   RO        14348    i.connection_new_incoming  connection.o
    0x08005724   0x0000003e   Code   RO        14349    i.connection_send   connection.o
    0x08005762   0x00000002   PAD
    0x08005764   0x00000040   Code   RO           12    i.creat_task1       main.o
    0x080057a4   0x00000040   Code   RO           13    i.creat_task2       main.o
    0x080057e4   0x00000072   Code   RO        14350    i.create_socket     connection.o
    0x08005856   0x00000002   PAD
    0x08005858   0x0000001c   Code   RO        11478    i.cyclic_timer      timeouts.o
    0x08005874   0x00000084   Code   RO        14777    i.device_change     object_device.o
    0x080058f8   0x000000b8   Code   RO         9624    i.dhcp_arp_reply    dhcp.o
    0x080059b0   0x000001c8   Code   RO         9625    i.dhcp_bind         dhcp.o
    0x08005b78   0x0000003e   Code   RO         9626    i.dhcp_check        dhcp.o
    0x08005bb6   0x00000002   PAD
    0x08005bb8   0x00000068   Code   RO         9628    i.dhcp_coarse_tmr   dhcp.o
    0x08005c20   0x0000032c   Code   RO         9629    i.dhcp_create_msg   dhcp.o
    0x08005f4c   0x00000098   Code   RO         9631    i.dhcp_decline      dhcp.o
    0x08005fe4   0x00000174   Code   RO         9632    i.dhcp_delete_msg   dhcp.o
    0x08006158   0x000000d4   Code   RO         9633    i.dhcp_discover     dhcp.o
    0x0800622c   0x00000044   Code   RO         9634    i.dhcp_fine_tmr     dhcp.o
    0x08006270   0x000000b4   Code   RO         9641    i.dhcp_option       dhcp.o
    0x08006324   0x000000d8   Code   RO         9642    i.dhcp_option_byte  dhcp.o
    0x080063fc   0x0000010c   Code   RO         9643    i.dhcp_option_long  dhcp.o
    0x08006508   0x000000b0   Code   RO         9644    i.dhcp_option_short  dhcp.o
    0x080065b8   0x000001b4   Code   RO         9645    i.dhcp_option_trailer  dhcp.o
    0x0800676c   0x000000c0   Code   RO         9647    i.dhcp_rebind       dhcp.o
    0x0800682c   0x000000dc   Code   RO         9648    i.dhcp_reboot       dhcp.o
    0x08006908   0x000000ac   Code   RO         9650    i.dhcp_release      dhcp.o
    0x080069b4   0x000000bc   Code   RO         9651    i.dhcp_renew        dhcp.o
    0x08006a70   0x00000104   Code   RO         9652    i.dhcp_select       dhcp.o
    0x08006b74   0x00000010   Code   RO         9653    i.dhcp_set_state    dhcp.o
    0x08006b84   0x00000020   Code   RO         9657    i.dhcp_supplied_address  dhcp.o
    0x08006ba4   0x00000048   Code   RO         9658    i.dhcp_t1_timeout   dhcp.o
    0x08006bec   0x0000004e   Code   RO         9659    i.dhcp_t2_timeout   dhcp.o
    0x08006c3a   0x00000074   Code   RO         9660    i.dhcp_timeout      dhcp.o
    0x08006cae   0x00000002   PAD
    0x08006cb0   0x00000314   Code   RO        13442    i.discover_serialize  discover.o
    0x08006fc4   0x000002d0   Code   RO        13654    i.dm_handleRequest  management.o
    0x08007294   0x00000074   Code   RO        10262    i.dns_alloc_pcb     dns.o
    0x08007308   0x0000005c   Code   RO        10263    i.dns_alloc_random_port  dns.o
    0x08007364   0x00000108   Code   RO        10264    i.dns_call_found    dns.o
    0x0800746c   0x00000016   Code   RO        10265    i.dns_check_entries  dns.o
    0x08007482   0x00000002   PAD
    0x08007484   0x00000198   Code   RO        10266    i.dns_check_entry   dns.o
    0x0800761c   0x00000064   Code   RO        10267    i.dns_compare_name  dns.o
    0x08007680   0x00000044   Code   RO        10268    i.dns_correct_response  dns.o
    0x080076c4   0x00000040   Code   RO        10269    i.dns_create_txid   dns.o
    0x08007704   0x00000194   Code   RO        10270    i.dns_enqueue       dns.o
    0x08007898   0x0000006c   Code   RO        10272    i.dns_gethostbyname_addrtype  dns.o
    0x08007904   0x0000000a   Code   RO        10274    i.dns_init          dns.o
    0x0800790e   0x00000002   PAD
    0x08007910   0x00000058   Code   RO        10275    i.dns_lookup        dns.o
    0x08007968   0x00000042   Code   RO        10276    i.dns_parse_name    dns.o
    0x080079aa   0x00000002   PAD
    0x080079ac   0x000001a4   Code   RO        10277    i.dns_recv          dns.o
    0x08007b50   0x000001c8   Code   RO        10278    i.dns_send          dns.o
    0x08007d18   0x0000003c   Code   RO        10280    i.dns_stricmp       dns.o
    0x08007d54   0x00000008   Code   RO        10281    i.dns_tmr           dns.o
    0x08007d5c   0x000000bc   Code   RO        10576    i.do_memp_free_pool  memp.o
    0x08007e18   0x000000c4   Code   RO        10577    i.do_memp_malloc_pool  memp.o
    0x08007edc   0x00000218   Code   RO         8899    i.err_tcp           api_msg.o
    0x080080f4   0x000001e4   Code   RO         9847    i.etharp_arp_input  etharp.o
    0x080082d8   0x00000038   Code   RO         9848    i.etharp_cleanup_netif  etharp.o
    0x08008310   0x000002f0   Code   RO         9850    i.etharp_find_entry  etharp.o
    0x08008600   0x00000040   Code   RO         9851    i.etharp_free_entry  etharp.o
    0x08008640   0x00000220   Code   RO         9853    i.etharp_output     etharp.o
    0x08008860   0x00000174   Code   RO         9854    i.etharp_output_to_arp_index  etharp.o
    0x080089d4   0x00000290   Code   RO         9855    i.etharp_query      etharp.o
    0x08008c64   0x000001b4   Code   RO         9856    i.etharp_raw        etharp.o
    0x08008e18   0x00000018   Code   RO         9857    i.etharp_request    etharp.o
    0x08008e30   0x0000002c   Code   RO         9858    i.etharp_request_dst  etharp.o
    0x08008e5c   0x000000c8   Code   RO         9859    i.etharp_send_ip    etharp.o
    0x08008f24   0x000000dc   Code   RO         9860    i.etharp_tmr        etharp.o
    0x08009000   0x00000168   Code   RO         9861    i.etharp_update_arp_entry  etharp.o
    0x08009168   0x000000b8   Code   RO        11677    i.ethernet_input    ethernet.o
    0x08009220   0x000000c8   Code   RO         8556    i.ethernetif_init   ethernetif.o
    0x080092e8   0x00000044   Code   RO         8557    i.ethernetif_input  ethernetif.o
    0x0800932c   0x00000208   Code   RO         9273    i.event_callback    sockets.o
    0x08009534   0x00000024   Code   RO          727    i.fputc             bsp_debug_usart.o
    0x08009558   0x00000018   Code   RO        13202    i.free_block1_buffer  block1.o
    0x08009570   0x00000026   Code   RO        12587    i.free_multi_option  pdu.o
    0x08009596   0x00000018   Code   RO        14648    i.free_object_conn_m  object_connectivity_moni.o
    0x080095ae   0x00000018   Code   RO        14706    i.free_object_conn_s  object_connectivity_stat.o
    0x080095c6   0x00000028   Code   RO        14779    i.free_object_device  object_device.o
    0x080095ee   0x00000028   Code   RO        14865    i.free_object_firmware  object_firmware.o
    0x08009616   0x00000018   Code   RO        14926    i.free_object_location  object_location.o
    0x0800962e   0x0000002a   Code   RO         9274    i.free_socket       sockets.o
    0x08009658   0x00000020   Code   RO        15187    i.free_test_object  test_object.o
    0x08009678   0x000000e0   Code   RO        14649    i.get_object_conn_m  object_connectivity_moni.o
    0x08009758   0x0000006c   Code   RO        14707    i.get_object_conn_s  object_connectivity_stat.o
    0x080097c4   0x000000b4   Code   RO        14780    i.get_object_device  object_device.o
    0x08009878   0x0000007c   Code   RO        14866    i.get_object_firmware  object_firmware.o
    0x080098f4   0x000000a8   Code   RO        14927    i.get_object_location  object_location.o
    0x0800999c   0x000000d8   Code   RO        14997    i.get_security_object  object_security.o
    0x08009a74   0x000000a8   Code   RO        15066    i.get_server_object  object_server.o
    0x08009b1c   0x0000001e   Code   RO        14998    i.get_server_uri    object_security.o
    0x08009b3a   0x00000002   PAD
    0x08009b3c   0x00000044   Code   RO         9275    i.get_socket        sockets.o
    0x08009b80   0x000000cc   Code   RO        15188    i.get_test_object   test_object.o
    0x08009c4c   0x0000006e   Code   RO        13901    i.handle_request    packet.o
    0x08009cba   0x00000016   Code   RO        13902    i.handle_reset      packet.o
    0x08009cd0   0x0000000c   Code   RO        14474    i.handle_sigint     lwm2mclient.o
    0x08009cdc   0x00000144   Code   RO        14475    i.handle_value_changed  lwm2mclient.o
    0x08009e20   0x00000080   Code   RO           14    i.hardware_init     main.o
    0x08009ea0   0x00000012   Code   RO         9955    i.icmp_dest_unreach  icmp.o
    0x08009eb2   0x00000002   PAD
    0x08009eb4   0x00000288   Code   RO         9956    i.icmp_input        icmp.o
    0x0800a13c   0x00000124   Code   RO         9957    i.icmp_send_response  icmp.o
    0x0800a260   0x00000012   Code   RO         9958    i.icmp_time_exceeded  icmp.o
    0x0800a272   0x00000052   Code   RO        10390    i.inet_chksum_pbuf  inet_chksum.o
    0x0800a2c4   0x00000002   Code   RO        15156    i.init_value_change  system_api.o
    0x0800a2c6   0x0000004e   Code   RO        10077    i.ip4_addr_isbroadcast_u32  ip4_addr.o
    0x0800a314   0x00000244   Code   RO        10142    i.ip4_frag          ip4_frag.o
    0x0800a558   0x000001ec   Code   RO        10017    i.ip4_input         ip4.o
    0x0800a744   0x00000036   Code   RO        10019    i.ip4_output_if     ip4.o
    0x0800a77a   0x00000002   PAD
    0x0800a77c   0x000001a0   Code   RO        10020    i.ip4_output_if_src  ip4.o
    0x0800a91c   0x000001a0   Code   RO        10143    i.ip4_reass         ip4_frag.o
    0x0800aabc   0x00000090   Code   RO        10021    i.ip4_route         ip4.o
    0x0800ab4c   0x0000021c   Code   RO        10079    i.ip4addr_aton      ip4_addr.o
    0x0800ad68   0x000000a8   Code   RO        10081    i.ip4addr_ntoa_r    ip4_addr.o
    0x0800ae10   0x0000000a   Code   RO        10144    i.ip_frag_alloc_pbuf_custom_ref  ip4_frag.o
    0x0800ae1a   0x00000002   PAD
    0x0800ae1c   0x000000a4   Code   RO        10145    i.ip_frag_free_pbuf_custom_ref  ip4_frag.o
    0x0800aec0   0x0000032c   Code   RO        10146    i.ip_reass_chain_frag_into_datagram_and_validate  ip4_frag.o
    0x0800b1ec   0x000000d0   Code   RO        10147    i.ip_reass_dequeue_datagram  ip4_frag.o
    0x0800b2bc   0x00000054   Code   RO        10148    i.ip_reass_enqueue_new_datagram  ip4_frag.o
    0x0800b310   0x000001e4   Code   RO        10149    i.ip_reass_free_complete_datagram  ip4_frag.o
    0x0800b4f4   0x00000088   Code   RO        10150    i.ip_reass_remove_oldest_datagram  ip4_frag.o
    0x0800b57c   0x00000034   Code   RO        10151    i.ip_reass_tmr      ip4_frag.o
    0x0800b5b0   0x000000d4   Code   RO        10152    i.ipfrag_free_pbuf_custom  ip4_frag.o
    0x0800b684   0x0000000e   Code   RO        12448    i.is_long_option    option.o
    0x0800b692   0x0000001c   Code   RO        14929    i.location_setVelocity  object_location.o
    0x0800b6ae   0x00000002   PAD
    0x0800b6b0   0x000000b8   Code   RO         8558    i.low_level_init    ethernetif.o
    0x0800b768   0x00000150   Code   RO         8559    i.low_level_input   ethernetif.o
    0x0800b8b8   0x000000b0   Code   RO         8560    i.low_level_output  ethernetif.o
    0x0800b968   0x00000144   Code   RO         9277    i.lwip_bind         sockets.o
    0x0800baac   0x00000120   Code   RO         9278    i.lwip_close        sockets.o
    0x0800bbcc   0x0000015c   Code   RO         9279    i.lwip_connect      sockets.o
    0x0800bd28   0x00000018   Code   RO         9193    i.lwip_freeaddrinfo  netdb.o
    0x0800bd40   0x0000022c   Code   RO         9194    i.lwip_getaddrinfo  netdb.o
    0x0800bf6c   0x0000001a   Code   RO        10220    i.lwip_htonl        def.o
    0x0800bf86   0x0000000c   Code   RO        10221    i.lwip_htons        def.o
    0x0800bf92   0x00000024   Code   RO        10459    i.lwip_init         init.o
    0x0800bfb6   0x00000078   Code   RO         8901    i.lwip_netconn_do_bind  api_msg.o
    0x0800c02e   0x00000002   PAD
    0x0800c030   0x00000190   Code   RO         8902    i.lwip_netconn_do_close  api_msg.o
    0x0800c1c0   0x00000384   Code   RO         8903    i.lwip_netconn_do_close_internal  api_msg.o
    0x0800c544   0x000001fc   Code   RO         8904    i.lwip_netconn_do_connect  api_msg.o
    0x0800c740   0x000001d8   Code   RO         8905    i.lwip_netconn_do_connected  api_msg.o
    0x0800c918   0x00000258   Code   RO         8906    i.lwip_netconn_do_delconn  api_msg.o
    0x0800cb70   0x00000040   Code   RO         8907    i.lwip_netconn_do_disconnect  api_msg.o
    0x0800cbb0   0x0000002c   Code   RO         8908    i.lwip_netconn_do_dns_found  api_msg.o
    0x0800cbdc   0x0000015c   Code   RO         8909    i.lwip_netconn_do_getaddr  api_msg.o
    0x0800cd38   0x00000030   Code   RO         8910    i.lwip_netconn_do_gethostbyname  api_msg.o
    0x0800cd68   0x00000032   Code   RO         8912    i.lwip_netconn_do_newconn  api_msg.o
    0x0800cd9a   0x00000062   Code   RO         8913    i.lwip_netconn_do_recv  api_msg.o
    0x0800cdfc   0x0000007e   Code   RO         8914    i.lwip_netconn_do_send  api_msg.o
    0x0800ce7a   0x00000002   PAD
    0x0800ce7c   0x000001c0   Code   RO         8915    i.lwip_netconn_do_write  api_msg.o
    0x0800d03c   0x00000370   Code   RO         8916    i.lwip_netconn_do_writemore  api_msg.o
    0x0800d3ac   0x0000000c   Code   RO        10222    i.lwip_ntohl        def.o
    0x0800d3b8   0x0000000c   Code   RO        10223    i.lwip_ntohs        def.o
    0x0800d3c4   0x00000340   Code   RO         9290    i.lwip_recvfrom     sockets.o
    0x0800d704   0x00000460   Code   RO         9291    i.lwip_select       sockets.o
    0x0800db64   0x00000370   Code   RO         9292    i.lwip_selscan      sockets.o
    0x0800ded4   0x000000ac   Code   RO         9293    i.lwip_send         sockets.o
    0x0800df80   0x00000200   Code   RO         9295    i.lwip_sendto       sockets.o
    0x0800e180   0x000000a8   Code   RO         9299    i.lwip_socket       sockets.o
    0x0800e228   0x0000005e   Code   RO        10397    i.lwip_standard_chksum  inet_chksum.o
    0x0800e286   0x00000002   PAD
    0x0800e288   0x0000009c   Code   RO        14351    i.lwm2m_buffer_send  connection.o
    0x0800e324   0x00000044   Code   RO        13503    i.lwm2m_close       liblwm2m.o
    0x0800e368   0x00000044   Code   RO        14476    i.lwm2m_close_connection  lwm2mclient.o
    0x0800e3ac   0x000000e0   Code   RO        13504    i.lwm2m_configure   liblwm2m.o
    0x0800e48c   0x00000110   Code   RO        14477    i.lwm2m_connect_server  lwm2mclient.o
    0x0800e59c   0x00000082   Code   RO        13305    i.lwm2m_data_decode_bool  data.o
    0x0800e61e   0x00000088   Code   RO        13306    i.lwm2m_data_decode_float  data.o
    0x0800e6a6   0x000000a0   Code   RO        13307    i.lwm2m_data_decode_int  data.o
    0x0800e746   0x00000008   Code   RO        13308    i.lwm2m_data_encode_bool  data.o
    0x0800e74e   0x0000000a   Code   RO        13309    i.lwm2m_data_encode_float  data.o
    0x0800e758   0x00000018   Code   RO        13310    i.lwm2m_data_encode_instances  data.o
    0x0800e770   0x0000000a   Code   RO        13311    i.lwm2m_data_encode_int  data.o
    0x0800e77a   0x0000001e   Code   RO        13312    i.lwm2m_data_encode_nstring  data.o
    0x0800e798   0x00000036   Code   RO        13314    i.lwm2m_data_encode_opaque  data.o
    0x0800e7ce   0x00000046   Code   RO        13315    i.lwm2m_data_encode_string  data.o
    0x0800e814   0x00000064   Code   RO        13316    i.lwm2m_data_free   data.o
    0x0800e878   0x00000040   Code   RO        13317    i.lwm2m_data_include  data.o
    0x0800e8b8   0x00000022   Code   RO        13318    i.lwm2m_data_new    data.o
    0x0800e8da   0x000000c4   Code   RO        13319    i.lwm2m_data_parse  data.o
    0x0800e99e   0x000000ea   Code   RO        13320    i.lwm2m_data_serialize  data.o
    0x0800ea88   0x00000100   Code   RO        14039    i.lwm2m_decode_TLV  tlv.o
    0x0800eb88   0x00000018   Code   RO        13505    i.lwm2m_deregister  liblwm2m.o
    0x0800eba0   0x00000014   Code   RO        13203    i.lwm2m_free        block1.o
    0x0800ebb4   0x00000014   Code   RO        13321    i.lwm2m_free        data.o
    0x0800ebc8   0x00000014   Code   RO        13506    i.lwm2m_free        liblwm2m.o
    0x0800ebdc   0x00000014   Code   RO        13683    i.lwm2m_free        objects.o
    0x0800ebf0   0x00000014   Code   RO        13811    i.lwm2m_free        observe.o
    0x0800ec04   0x00000014   Code   RO        13903    i.lwm2m_free        packet.o
    0x0800ec18   0x00000014   Code   RO        13946    i.lwm2m_free        registration.o
    0x0800ec2c   0x00000014   Code   RO        14040    i.lwm2m_free        tlv.o
    0x0800ec40   0x00000014   Code   RO        14115    i.lwm2m_free        transaction.o
    0x0800ec54   0x00000014   Code   RO        14184    i.lwm2m_free        uri_1.o
    0x0800ec68   0x00000014   Code   RO        14478    i.lwm2m_free        lwm2mclient.o
    0x0800ec7c   0x00000014   Code   RO        14563    i.lwm2m_free        object_access_control.o
    0x0800ec90   0x00000014   Code   RO        14650    i.lwm2m_free        object_connectivity_moni.o
    0x0800eca4   0x00000014   Code   RO        14708    i.lwm2m_free        object_connectivity_stat.o
    0x0800ecb8   0x00000014   Code   RO        14781    i.lwm2m_free        object_device.o
    0x0800eccc   0x00000014   Code   RO        14867    i.lwm2m_free        object_firmware.o
    0x0800ece0   0x00000014   Code   RO        14930    i.lwm2m_free        object_location.o
    0x0800ecf4   0x00000014   Code   RO        14999    i.lwm2m_free        object_security.o
    0x0800ed08   0x00000014   Code   RO        15067    i.lwm2m_free        object_server.o
    0x0800ed1c   0x00000014   Code   RO        15189    i.lwm2m_free        test_object.o
    0x0800ed30   0x00000004   Code   RO        14425    i.lwm2m_gettime     platform.o
    0x0800ed34   0x000003e8   Code   RO        13904    i.lwm2m_handle_packet  packet.o
    0x0800f11c   0x00000040   Code   RO        13507    i.lwm2m_init        liblwm2m.o
    0x0800f15c   0x00000036   Code   RO        13603    i.lwm2m_list_add    list.o
    0x0800f192   0x0000001e   Code   RO        13604    i.lwm2m_list_find   list.o
    0x0800f1b0   0x00000024   Code   RO        13605    i.lwm2m_list_free   list.o
    0x0800f1d4   0x0000001a   Code   RO        13606    i.lwm2m_list_newId  list.o
    0x0800f1ee   0x00000056   Code   RO        13607    i.lwm2m_list_remove  list.o
    0x0800f244   0x000009e0   Code   RO        14479    i.lwm2m_main        lwm2mclient.o
    0x0800fc24   0x00000018   Code   RO        13204    i.lwm2m_malloc      block1.o
    0x0800fc3c   0x00000018   Code   RO        13322    i.lwm2m_malloc      data.o
    0x0800fc54   0x00000018   Code   RO        13812    i.lwm2m_malloc      observe.o
    0x0800fc6c   0x00000018   Code   RO        13947    i.lwm2m_malloc      registration.o
    0x0800fc84   0x00000018   Code   RO        14116    i.lwm2m_malloc      transaction.o
    0x0800fc9c   0x00000018   Code   RO        14564    i.lwm2m_malloc      object_access_control.o
    0x0800fcb4   0x00000018   Code   RO        14651    i.lwm2m_malloc      object_connectivity_moni.o
    0x0800fccc   0x00000018   Code   RO        14709    i.lwm2m_malloc      object_connectivity_stat.o
    0x0800fce4   0x00000018   Code   RO        14782    i.lwm2m_malloc      object_device.o
    0x0800fcfc   0x00000018   Code   RO        14868    i.lwm2m_malloc      object_firmware.o
    0x0800fd14   0x00000018   Code   RO        14931    i.lwm2m_malloc      object_location.o
    0x0800fd2c   0x00000018   Code   RO        15000    i.lwm2m_malloc      object_security.o
    0x0800fd44   0x00000018   Code   RO        15068    i.lwm2m_malloc      object_server.o
    0x0800fd5c   0x00000018   Code   RO        15190    i.lwm2m_malloc      test_object.o
    0x0800fd74   0x0000005c   Code   RO        13813    i.lwm2m_resource_value_changed  observe.o
    0x0800fdd0   0x0000000e   Code   RO        14352    i.lwm2m_session_is_equal  connection.o
    0x0800fdde   0x000000bc   Code   RO        13509    i.lwm2m_step        liblwm2m.o
    0x0800fe9a   0x00000002   PAD
    0x0800fe9c   0x0000003c   Code   RO        14427    i.lwm2m_strdup      platform.o
    0x0800fed8   0x00000110   Code   RO        14185    i.lwm2m_stringToUri  uri_1.o
    0x0800ffe8   0x00000014   Code   RO        14428    i.lwm2m_strncmp     platform.o
    0x0800fffc   0x00000098   Code   RO        13948    i.lwm2m_update_registration  registration.o
    0x08010094   0x0000002c   Code   RO           15    i.main              main.o
    0x080100c0   0x0000016c   Code   RO        10520    i.mem_free          mem.o
    0x0801022c   0x00000108   Code   RO        10521    i.mem_init          mem.o
    0x08010334   0x0000029c   Code   RO        10522    i.mem_malloc        mem.o
    0x080105d0   0x000001f4   Code   RO        10523    i.mem_trim          mem.o
    0x080107c4   0x000000b4   Code   RO        10578    i.memp_free         memp.o
    0x08010878   0x00000020   Code   RO        10580    i.memp_init         memp.o
    0x08010898   0x0000002c   Code   RO        10581    i.memp_init_pool    memp.o
    0x080108c4   0x000000b8   Code   RO        10582    i.memp_malloc       memp.o
    0x0801097c   0x00000020   Code   RO        13905    i.message_send      packet.o
    0x0801099c   0x00000020   Code   RO         9114    i.netbuf_delete     netbuf.o
    0x080109bc   0x000000b0   Code   RO         9116    i.netbuf_free       netbuf.o
    0x08010a6c   0x000000d8   Code   RO         9119    i.netbuf_ref        netbuf.o
    0x08010b44   0x00000138   Code   RO         8917    i.netconn_alloc     api_msg.o
    0x08010c7c   0x00000022   Code   RO         8730    i.netconn_apimsg    api_lib.o
    0x08010c9e   0x00000002   PAD
    0x08010ca0   0x000000d0   Code   RO         8731    i.netconn_bind      api_lib.o
    0x08010d70   0x000000cc   Code   RO         8733    i.netconn_close_shutdown  api_lib.o
    0x08010e3c   0x000000d4   Code   RO         8734    i.netconn_connect   api_lib.o
    0x08010f10   0x00000034   Code   RO         8735    i.netconn_delete    api_lib.o
    0x08010f44   0x000000c8   Code   RO         8736    i.netconn_disconnect  api_lib.o
    0x0801100c   0x000000b6   Code   RO         8918    i.netconn_drain     api_msg.o
    0x080110c2   0x00000002   PAD
    0x080110c4   0x00000194   Code   RO         8919    i.netconn_free      api_msg.o
    0x08011258   0x00000154   Code   RO         8737    i.netconn_getaddr   api_lib.o
    0x080113ac   0x00000154   Code   RO         8738    i.netconn_gethostbyname  api_lib.o
    0x08011500   0x000001c0   Code   RO         8740    i.netconn_new_with_proto_and_callback  api_lib.o
    0x080116c0   0x00000198   Code   RO         8741    i.netconn_recv      api_lib.o
    0x08011858   0x00000244   Code   RO         8742    i.netconn_recv_data  api_lib.o
    0x08011a9c   0x000000bc   Code   RO         8743    i.netconn_recv_tcp_pbuf  api_lib.o
    0x08011b58   0x000000c4   Code   RO         8744    i.netconn_send      api_lib.o
    0x08011c1c   0x00000160   Code   RO         8747    i.netconn_write_partly  api_lib.o
    0x08011d7c   0x0000010c   Code   RO        10668    i.netif_add         netif.o
    0x08011e88   0x00000002   Code   RO        10670    i.netif_init        netif.o
    0x08011e8a   0x00000024   Code   RO        10672    i.netif_issue_reports  netif.o
    0x08011eae   0x00000048   Code   RO        10674    i.netif_set_addr    netif.o
    0x08011ef6   0x00000002   PAD
    0x08011ef8   0x0000000c   Code   RO        10675    i.netif_set_default  netif.o
    0x08011f04   0x0000002a   Code   RO        10676    i.netif_set_down    netif.o
    0x08011f2e   0x0000000c   Code   RO        10677    i.netif_set_gw      netif.o
    0x08011f3a   0x00000002   PAD
    0x08011f3c   0x0000004c   Code   RO        10678    i.netif_set_ipaddr  netif.o
    0x08011f88   0x0000000c   Code   RO        10682    i.netif_set_netmask  netif.o
    0x08011f94   0x0000002c   Code   RO        10683    i.netif_set_up      netif.o
    0x08011fc0   0x00000082   Code   RO        13684    i.object_checkNumeric  objects.o
    0x08012042   0x0000007e   Code   RO        13685    i.object_checkReadable  objects.o
    0x080120c0   0x000000e2   Code   RO        13686    i.object_create     objects.o
    0x080121a2   0x00000082   Code   RO        13688    i.object_delete     objects.o
    0x08012224   0x00000126   Code   RO        13689    i.object_discover   objects.o
    0x0801234a   0x00000046   Code   RO        13690    i.object_execute    objects.o
    0x08012390   0x0000015c   Code   RO        13691    i.object_getRegisterPayload  objects.o
    0x080124ec   0x00000098   Code   RO        13692    i.object_getRegisterPayloadBufferLength  objects.o
    0x08012584   0x00000214   Code   RO        13693    i.object_getServers  objects.o
    0x08012798   0x00000056   Code   RO        13695    i.object_read       objects.o
    0x080127ee   0x00000106   Code   RO        13696    i.object_readData   objects.o
    0x080128f4   0x00000072   Code   RO        13697    i.object_write      objects.o
    0x08012966   0x000000ac   Code   RO        13814    i.observe_cancel    observe.o
    0x08012a12   0x0000005e   Code   RO        13815    i.observe_clear     observe.o
    0x08012a70   0x00000070   Code   RO        13816    i.observe_findByUri  observe.o
    0x08012ae0   0x00000110   Code   RO        13817    i.observe_handleRequest  observe.o
    0x08012bf0   0x000001da   Code   RO        13818    i.observe_setParameters  observe.o
    0x08012dca   0x00000002   PAD
    0x08012dcc   0x00000688   Code   RO        13819    i.observe_step      observe.o
    0x08013454   0x000000c4   Code   RO        12449    i.opt_finished      option.o
    0x08013518   0x00000024   Code   RO         7877    i.osAlarmHeapInfo   los_heap.o
    0x0801353c   0x00000024   Code   RO         8078    i.osAtomicBitsetClearBit  los_slab.o
    0x08013560   0x00000050   Code   RO         8079    i.osAtomicBitsetFindClearAndSet  los_slab.o
    0x080135b0   0x0000002a   Code   RO         8080    i.osAtomicBitsetGetBit  los_slab.o
    0x080135da   0x00000006   Code   RO         8198    i.osAtomicBitsetGetNumBits  los_slab.o
    0x080135e0   0x0000002e   Code   RO         8081    i.osAtomicBitsetInit  los_slab.o
    0x0801360e   0x0000001a   Code   RO         7879    i.osHeapPrvGetNext  los_heap.o
    0x08013628   0x00000060   Code   RO         7880    i.osHeapStatisticsGet  los_heap.o
    0x08013688   0x0000003c   Code   RO         8486    i.osHwiDefaultHandler  los_hwi.o
    0x080136c4   0x0000004c   Code   RO         8487    i.osHwiInit         los_hwi.o
    0x08013710   0x00000004   Code   RO         8350    i.osIdleTask        los_init.o
    0x08013714   0x0000004c   Code   RO         7149    i.osIdleTaskCreate  los_task.o
    0x08013760   0x0000000c   Code   RO         8488    i.osIntNumGet       los_hwi.o
    0x0801376c   0x00000060   Code   RO         8489    i.osInterrupt       los_hwi.o
    0x080137cc   0x0000013c   Code   RO         8351    i.osMain            los_init.o
    0x08013908   0x00000018   Code   RO         8019    i.osMemSystemInit   los_memory.o
    0x08013920   0x00000060   Code   RO         7562    i.osMuxInit         los_mux.o
    0x08013980   0x00000018   Code   RO         6837    i.osPriqueueDequeue  los_priqueue.o
    0x08013998   0x00000024   Code   RO         6838    i.osPriqueueEnqueue  los_priqueue.o
    0x080139bc   0x00000048   Code   RO         6839    i.osPriqueueInit    los_priqueue.o
    0x08013a04   0x00000028   Code   RO         6840    i.osPriqueueSize    los_priqueue.o
    0x08013a2c   0x0000003c   Code   RO         6841    i.osPriqueueTop     los_priqueue.o
    0x08013a68   0x000000f0   Code   RO         7656    i.osQueueBufferOperate  los_queue.o
    0x08013b58   0x00000070   Code   RO         7657    i.osQueueInit       los_queue.o
    0x08013bc8   0x00000188   Code   RO         7660    i.osQueueOperate    los_queue.o
    0x08013d50   0x0000003c   Code   RO         7661    i.osQueueReadParameterCheck  los_queue.o
    0x08013d8c   0x00000038   Code   RO         7662    i.osQueueWriteParameterCheck  los_queue.o
    0x08013dc4   0x0000000c   Code   RO         8352    i.osRegister        los_init.o
    0x08013dd0   0x00000008   Code   RO         8409    i.osSchedule        los_hw.o
    0x08013dd8   0x000000bc   Code   RO         7798    i.osSemCreate       los_sem.o
    0x08013e94   0x00000060   Code   RO         7799    i.osSemInit         los_sem.o
    0x08013ef4   0x00000020   Code   RO         8084    i.osSlabAllocatorAlloc  los_slab.o
    0x08013f14   0x0000004e   Code   RO         8088    i.osSlabAllocatorFree  los_slab.o
    0x08013f62   0x0000005a   Code   RO         8095    i.osSlabAllocatorNew  los_slab.o
    0x08013fbc   0x00000012   Code   RO         8212    i.osSlabBlockHeadFill  los_slabmem.o
    0x08013fce   0x00000008   Code   RO         8213    i.osSlabCtrlHdrGet  los_slabmem.o
    0x08013fd6   0x00000090   Code   RO         8215    i.osSlabMemAlloc    los_slabmem.o
    0x08014066   0x00000076   Code   RO         8218    i.osSlabMemFree     los_slabmem.o
    0x080140dc   0x000000ac   Code   RO         8219    i.osSlabMemInit     los_slabmem.o
    0x08014188   0x00000090   Code   RO         6921    i.osSwTmrInit       los_swtmr.o
    0x08014218   0x0000004c   Code   RO         6922    i.osSwTmrStart      los_swtmr.o
    0x08014264   0x00000094   Code   RO         6923    i.osSwTmrTask       los_swtmr.o
    0x080142f8   0x00000044   Code   RO         6924    i.osSwTmrTaskCreate  los_swtmr.o
    0x0801433c   0x00000080   Code   RO         6925    i.osSwTmrTimeoutHandle  los_swtmr.o
    0x080143bc   0x00000014   Code   RO         6927    i.osSwtmrDelete     los_swtmr.o
    0x080143d0   0x00000024   Code   RO         6928    i.osSwtmrScan       los_swtmr.o
    0x080143f4   0x000000c0   Code   RO         7150    i.osTaskAdd2TimerList  los_task.o
    0x080144b4   0x00000038   Code   RO         7151    i.osTaskEntry       los_task.o
    0x080144ec   0x00000008   Code   RO         8410    i.osTaskExit        los_hw.o
    0x080144f4   0x00000124   Code   RO         7152    i.osTaskInit        los_task.o
    0x08014618   0x0000001c   Code   RO         7153    i.osTaskMonInit     los_task.o
    0x08014634   0x000000dc   Code   RO         7155    i.osTaskScan        los_task.o
    0x08014710   0x000000fc   Code   RO         7156    i.osTaskSelfDelete  los_task.o
    0x0801480c   0x0000012c   Code   RO         7157    i.osTaskSwitchCheck  los_task.o
    0x08014938   0x0000004c   Code   RO         7158    i.osTaskWait        los_task.o
    0x08014984   0x00000046   Code   RO         7159    i.osTaskWake        los_task.o
    0x080149ca   0x00000002   PAD
    0x080149cc   0x00000028   Code   RO         7409    i.osTickHandler     los_tick.o
    0x080149f4   0x000000c4   Code   RO         8451    i.osTickStart       los_hw_tick.o
    0x08014ab8   0x00000048   Code   RO         7160    i.osTimerListDelete  los_task.o
    0x08014b00   0x0000004c   Code   RO         7445    i.osTimesliceCheck  los_timeslice.o
    0x08014b4c   0x00000010   Code   RO         7446    i.osTimesliceInit   los_timeslice.o
    0x08014b5c   0x00000140   Code   RO         8411    i.osTskStackInit    los_hw.o
    0x08014c9c   0x00000420   Code   RO        10791    i.pbuf_alloc        pbuf.o
    0x080150bc   0x0000011c   Code   RO        10792    i.pbuf_alloced_custom  pbuf.o
    0x080151d8   0x00000188   Code   RO        10793    i.pbuf_cat          pbuf.o
    0x08015360   0x00000016   Code   RO        10794    i.pbuf_chain        pbuf.o
    0x08015376   0x00000012   Code   RO        10795    i.pbuf_clen         pbuf.o
    0x08015388   0x0000027c   Code   RO        10797    i.pbuf_copy         pbuf.o
    0x08015604   0x00000160   Code   RO        10798    i.pbuf_copy_partial  pbuf.o
    0x08015764   0x000001c4   Code   RO        10800    i.pbuf_free         pbuf.o
    0x08015928   0x0000002c   Code   RO        10801    i.pbuf_get_at       pbuf.o
    0x08015954   0x00000012   Code   RO        10802    i.pbuf_header       pbuf.o
    0x08015966   0x00000012   Code   RO        10803    i.pbuf_header_force  pbuf.o
    0x08015978   0x000001a4   Code   RO        10804    i.pbuf_header_impl  pbuf.o
    0x08015b1c   0x0000002a   Code   RO        10807    i.pbuf_put_at       pbuf.o
    0x08015b46   0x00000002   PAD
    0x08015b48   0x000001ec   Code   RO        10808    i.pbuf_realloc      pbuf.o
    0x08015d34   0x0000000a   Code   RO        10809    i.pbuf_ref          pbuf.o
    0x08015d3e   0x00000022   Code   RO        10810    i.pbuf_skip         pbuf.o
    0x08015d60   0x0000020c   Code   RO        10812    i.pbuf_take         pbuf.o
    0x08015f6c   0x00000076   Code   RO        10813    i.pbuf_take_at      pbuf.o
    0x08015fe2   0x00000002   PAD
    0x08015fe4   0x00000118   Code   RO         8920    i.pcb_new           api_msg.o
    0x080160fc   0x000001d4   Code   RO        10524    i.plug_holes        mem.o
    0x080162d0   0x00000110   Code   RO         8921    i.poll_tcp          api_msg.o
    0x080163e0   0x0000003a   Code   RO        14565    i.prv_add_ac_val    object_access_control.o
    0x0801641a   0x0000006e   Code   RO        14117    i.prv_checkFinished  transaction.o
    0x08016488   0x000000ac   Code   RO        14783    i.prv_check_time_offset  object_device.o
    0x08016534   0x00000058   Code   RO        14566    i.prv_create        object_access_control.o
    0x0801658c   0x00000054   Code   RO        15191    i.prv_create        test_object.o
    0x080165e0   0x000000b0   Code   RO        14041    i.prv_createHeader  tlv.o
    0x08016690   0x0000002c   Code   RO        14567    i.prv_delete        object_access_control.o
    0x080166bc   0x00000024   Code   RO        15192    i.prv_delete        test_object.o
    0x080166e0   0x00000020   Code   RO        13510    i.prv_deleteBootstrapServer  liblwm2m.o
    0x08016700   0x0000001e   Code   RO        13511    i.prv_deleteBootstrapServerList  liblwm2m.o
    0x0801671e   0x00000038   Code   RO        13512    i.prv_deleteObservedList  liblwm2m.o
    0x08016756   0x0000002a   Code   RO        13513    i.prv_deleteServer  liblwm2m.o
    0x08016780   0x0000001e   Code   RO        13514    i.prv_deleteServerList  liblwm2m.o
    0x0801679e   0x0000001e   Code   RO        13515    i.prv_deleteTransactionList  liblwm2m.o
    0x080167bc   0x000000c0   Code   RO        14784    i.prv_device_discover  object_device.o
    0x0801687c   0x000000a4   Code   RO        14785    i.prv_device_execute  object_device.o
    0x08016920   0x00000084   Code   RO        14786    i.prv_device_read   object_device.o
    0x080169a4   0x000000c2   Code   RO        14787    i.prv_device_write  object_device.o
    0x08016a66   0x0000006c   Code   RO        15193    i.prv_discover      test_object.o
    0x08016ad2   0x00000002   PAD
    0x08016ad4   0x00000040   Code   RO        14236    i.prv_encodeBlock   utils.o
    0x08016b14   0x00000078   Code   RO        14042    i.prv_encodeFloat   tlv.o
    0x08016b8c   0x000000a4   Code   RO        14043    i.prv_encodeInt     tlv.o
    0x08016c30   0x00000030   Code   RO        14710    i.prv_exec          object_connectivity_stat.o
    0x08016c60   0x00000084   Code   RO        15194    i.prv_exec          test_object.o
    0x08016ce4   0x00000048   Code   RO        13443    i.prv_findAttributes  discover.o
    0x08016d2c   0x0000003e   Code   RO        13820    i.prv_findObserved  observe.o
    0x08016d6a   0x0000007c   Code   RO        13699    i.prv_findServerInstance  objects.o
    0x08016de6   0x00000012   Code   RO        13821    i.prv_findWatcher   observe.o
    0x08016df8   0x00000060   Code   RO        14869    i.prv_firmware_execute  object_firmware.o
    0x08016e58   0x000000c0   Code   RO        14870    i.prv_firmware_read  object_firmware.o
    0x08016f18   0x0000006e   Code   RO        14871    i.prv_firmware_write  object_firmware.o
    0x08016f86   0x00000030   Code   RO        14044    i.prv_getDataType   tlv.o
    0x08016fb6   0x00000024   Code   RO        14045    i.prv_getHeaderLength  tlv.o
    0x08016fda   0x00000034   Code   RO        14046    i.prv_getHeaderType  tlv.o
    0x0801700e   0x00000002   PAD
    0x08017010   0x00000148   Code   RO        14047    i.prv_getLength     tlv.o
    0x08017158   0x000000a6   Code   RO        13700    i.prv_getMandatoryInfo  objects.o
    0x080171fe   0x0000004c   Code   RO        13701    i.prv_getObjectTemplate  objects.o
    0x0801724a   0x00000002   PAD
    0x0801724c   0x00000184   Code   RO        13949    i.prv_getRegistrationQuery  registration.o
    0x080173d0   0x00000076   Code   RO        13950    i.prv_getRegistrationQueryLength  registration.o
    0x08017446   0x00000088   Code   RO        13822    i.prv_getWatcher    observe.o
    0x080174ce   0x000000e0   Code   RO        15001    i.prv_get_value     object_security.o
    0x080175ae   0x00000090   Code   RO        15069    i.prv_get_value     object_server.o
    0x0801763e   0x00000012   Code   RO        13951    i.prv_handleDeregistrationReply  registration.o
    0x08017650   0x00000052   Code   RO        13952    i.prv_handleRegistrationReply  registration.o
    0x080176a2   0x00000040   Code   RO        13953    i.prv_handleRegistrationUpdateReply  registration.o
    0x080176e2   0x00000002   PAD
    0x080176e4   0x00000084   Code   RO        14932    i.prv_location_read  object_location.o
    0x08017768   0x000000c0   Code   RO        15195    i.prv_output_buffer  test_object.o
    0x08017828   0x0000005a   Code   RO        14186    i.prv_parseNumber   uri_1.o
    0x08017882   0x00000002   PAD
    0x08017884   0x000000c0   Code   RO        14568    i.prv_read          object_access_control.o
    0x08017944   0x00000084   Code   RO        14652    i.prv_read          object_connectivity_moni.o
    0x080179c8   0x0000007c   Code   RO        14711    i.prv_read          object_connectivity_stat.o
    0x08017a44   0x0000009e   Code   RO        15196    i.prv_read          test_object.o
    0x08017ae2   0x00000002   PAD
    0x08017ae4   0x00000320   Code   RO        13655    i.prv_readAttributes  management.o
    0x08017e04   0x0000006e   Code   RO        13516    i.prv_refreshServerList  liblwm2m.o
    0x08017e72   0x00000002   PAD
    0x08017e74   0x00000168   Code   RO        13954    i.prv_register      registration.o
    0x08017fdc   0x000000f0   Code   RO        14933    i.prv_res2tlv       object_location.o
    0x080180cc   0x0000002a   Code   RO        14712    i.prv_resetCounter  object_connectivity_stat.o
    0x080180f6   0x00000002   PAD
    0x080180f8   0x0000008c   Code   RO        15002    i.prv_security_read  object_security.o
    0x08018184   0x000002c4   Code   RO        13444    i.prv_serializeAttributes  discover.o
    0x08018448   0x000002a0   Code   RO        13445    i.prv_serializeLinkData  discover.o
    0x080186e8   0x00000052   Code   RO        15070    i.prv_server_create  object_server.o
    0x0801873a   0x00000024   Code   RO        15071    i.prv_server_delete  object_server.o
    0x0801875e   0x00000002   PAD
    0x08018760   0x000000a0   Code   RO        15072    i.prv_server_discover  object_server.o
    0x08018800   0x00000040   Code   RO        15073    i.prv_server_execute  object_server.o
    0x08018840   0x00000088   Code   RO        15074    i.prv_server_read   object_server.o
    0x080188c8   0x000001bc   Code   RO        15075    i.prv_server_write  object_server.o
    0x08018a84   0x00000028   Code   RO        13323    i.prv_setBuffer     data.o
    0x08018aac   0x00000040   Code   RO        15076    i.prv_set_int_value  object_server.o
    0x08018aec   0x0000009e   Code   RO        14569    i.prv_set_tlv       object_access_control.o
    0x08018b8a   0x00000098   Code   RO        14713    i.prv_set_tlv       object_connectivity_stat.o
    0x08018c22   0x00000002   PAD
    0x08018c24   0x00000154   Code   RO        14653    i.prv_set_value     object_connectivity_moni.o
    0x08018d78   0x000001e4   Code   RO        14788    i.prv_set_value     object_device.o
    0x08018f5c   0x00000184   Code   RO        13324    i.prv_textSerialize  data.o
    0x080190e0   0x0000002e   Code   RO        13823    i.prv_unlinkObserved  observe.o
    0x0801910e   0x00000002   PAD
    0x08019110   0x000000bc   Code   RO        13955    i.prv_updateRegistration  registration.o
    0x080191cc   0x0000001c   Code   RO        14570    i.prv_write         object_access_control.o
    0x080191e8   0x00000096   Code   RO        15197    i.prv_write         test_object.o
    0x0801927e   0x000001e4   Code   RO        14571    i.prv_write_resources  object_access_control.o
    0x08019462   0x00000002   PAD
    0x08019464   0x0000019c   Code   RO         8922    i.recv_tcp          api_msg.o
    0x08019600   0x00000198   Code   RO         8923    i.recv_udp          api_msg.o
    0x08019798   0x00000070   Code   RO        13956    i.registration_deregister  registration.o
    0x08019808   0x00000040   Code   RO        13957    i.registration_getStatus  registration.o
    0x08019848   0x0000002a   Code   RO        13958    i.registration_start  registration.o
    0x08019872   0x00000002   PAD
    0x08019874   0x000000d0   Code   RO        13959    i.registration_step  registration.o
    0x08019944   0x000000fc   Code   RO         8924    i.sent_tcp          api_msg.o
    0x08019a40   0x00000044   Code   RO         8925    i.setup_tcp         api_msg.o
    0x08019a84   0x00000016   Code   RO         8618    i.sys_arch_mbox_fetch  sys_arch.o
    0x08019a9a   0x000000f6   Code   RO         8619    i.sys_arch_mbox_fetch_ext  sys_arch.o
    0x08019b90   0x00000084   Code   RO         8621    i.sys_arch_sem_wait  sys_arch.o
    0x08019c14   0x00000080   Code   RO        11479    i.sys_check_timeouts  timeouts.o
    0x08019c94   0x00000002   Code   RO         8623    i.sys_init          sys_arch.o
    0x08019c96   0x00000042   Code   RO         8624    i.sys_mbox_free     sys_arch.o
    0x08019cd8   0x000000cc   Code   RO         8625    i.sys_mbox_new      sys_arch.o
    0x08019da4   0x0000006e   Code   RO         8626    i.sys_mbox_post     sys_arch.o
    0x08019e12   0x0000005e   Code   RO         8627    i.sys_mbox_trypost  sys_arch.o
    0x08019e70   0x00000028   Code   RO         8628    i.sys_now           sys_arch.o
    0x08019e98   0x000000a8   Code   RO         8629    i.sys_sem_free      sys_arch.o
    0x08019f40   0x000000d8   Code   RO         8630    i.sys_sem_new       sys_arch.o
    0x0801a018   0x0000001a   Code   RO         8631    i.sys_sem_signal    sys_arch.o
    0x0801a032   0x0000004a   Code   RO         8632    i.sys_thread_new    sys_arch.o
    0x0801a07c   0x00000198   Code   RO        11480    i.sys_timeout       timeouts.o
    0x0801a214   0x00000034   Code   RO        11481    i.sys_timeouts_init  timeouts.o
    0x0801a248   0x00000040   Code   RO        11482    i.sys_timeouts_mbox_fetch  timeouts.o
    0x0801a288   0x00000038   Code   RO        11483    i.sys_timeouts_sleeptime  timeouts.o
    0x0801a2c0   0x00000002   Code   RO        15157    i.system_reboot     system_api.o
    0x0801a2c2   0x00000002   PAD
    0x0801a2c4   0x000000d8   Code   RO           16    i.task1             main.o
    0x0801a39c   0x00000038   Code   RO           17    i.task2             main.o
    0x0801a3d4   0x000001a4   Code   RO        11006    i.tcp_abandon       tcp.o
    0x0801a578   0x0000000e   Code   RO        11007    i.tcp_abort         tcp.o
    0x0801a586   0x00000010   Code   RO        11008    i.tcp_accept        tcp.o
    0x0801a596   0x00000002   PAD
    0x0801a598   0x000000c0   Code   RO        11010    i.tcp_alloc         tcp.o
    0x0801a658   0x00000006   Code   RO        11011    i.tcp_arg           tcp.o
    0x0801a65e   0x00000002   PAD
    0x0801a660   0x000000e8   Code   RO        11012    i.tcp_backlog_accepted  tcp.o
    0x0801a748   0x00000150   Code   RO        11014    i.tcp_bind          tcp.o
    0x0801a898   0x0000001c   Code   RO        11015    i.tcp_close         tcp.o
    0x0801a8b4   0x00000254   Code   RO        11016    i.tcp_close_shutdown  tcp.o
    0x0801ab08   0x000001f4   Code   RO        11017    i.tcp_connect       tcp.o
    0x0801acfc   0x00000158   Code   RO        11368    i.tcp_create_segment  tcp_out.o
    0x0801ae54   0x0000003a   Code   RO        11019    i.tcp_eff_send_mss_impl  tcp.o
    0x0801ae8e   0x00000002   PAD
    0x0801ae90   0x000002a8   Code   RO        11369    i.tcp_enqueue_flags  tcp_out.o
    0x0801b138   0x000000bc   Code   RO        11020    i.tcp_err           tcp.o
    0x0801b1f4   0x00000078   Code   RO        11021    i.tcp_fasttmr       tcp.o
    0x0801b26c   0x00000058   Code   RO        11297    i.tcp_getoptbyte    tcp_in.o
    0x0801b2c4   0x00000002   Code   RO        11022    i.tcp_init          tcp.o
    0x0801b2c6   0x00000002   PAD
    0x0801b2c8   0x000007bc   Code   RO        11298    i.tcp_input         tcp_in.o
    0x0801ba84   0x0000005a   Code   RO        11370    i.tcp_keepalive     tcp_out.o
    0x0801bade   0x00000002   PAD
    0x0801bae0   0x00000058   Code   RO        11023    i.tcp_kill_prio     tcp.o
    0x0801bb38   0x000000e0   Code   RO        11024    i.tcp_kill_state    tcp.o
    0x0801bc18   0x0000003c   Code   RO        11025    i.tcp_kill_timewait  tcp.o
    0x0801bc54   0x000000e0   Code   RO        11026    i.tcp_listen_closed  tcp.o
    0x0801bd34   0x00000158   Code   RO        11299    i.tcp_listen_input  tcp_in.o
    0x0801be8c   0x00000054   Code   RO        11028    i.tcp_netif_ipv4_addr_changed  tcp.o
    0x0801bee0   0x0000002a   Code   RO        11029    i.tcp_netif_ipv4_addr_changed_pcblist  tcp.o
    0x0801bf0a   0x0000000a   Code   RO        11030    i.tcp_new           tcp.o
    0x0801bf14   0x00000068   Code   RO        11032    i.tcp_new_port      tcp.o
    0x0801bf7c   0x0000001c   Code   RO        11033    i.tcp_next_iss      tcp.o
    0x0801bf98   0x000002f8   Code   RO        11371    i.tcp_output        tcp_out.o
    0x0801c290   0x00000130   Code   RO        11372    i.tcp_output_alloc_header  tcp_out.o
    0x0801c3c0   0x000000c4   Code   RO        11373    i.tcp_output_segment  tcp_out.o
    0x0801c484   0x000000a0   Code   RO        11300    i.tcp_parseopt      tcp_in.o
    0x0801c524   0x00000110   Code   RO        11374    i.tcp_pbuf_prealloc  tcp_out.o
    0x0801c634   0x00000046   Code   RO        11034    i.tcp_pcb_purge     tcp.o
    0x0801c67a   0x00000002   PAD
    0x0801c67c   0x00000140   Code   RO        11035    i.tcp_pcb_remove    tcp.o
    0x0801c7bc   0x000000b4   Code   RO        11036    i.tcp_poll          tcp.o
    0x0801c870   0x000006ec   Code   RO        11301    i.tcp_process       tcp_in.o
    0x0801cf5c   0x00000092   Code   RO        11037    i.tcp_process_refused_data  tcp.o
    0x0801cfee   0x00000002   PAD
    0x0801cff0   0x000008c4   Code   RO        11302    i.tcp_receive       tcp_in.o
    0x0801d8b4   0x000000bc   Code   RO        11038    i.tcp_recv          tcp.o
    0x0801d970   0x0000002e   Code   RO        11039    i.tcp_recv_null     tcp.o
    0x0801d99e   0x00000002   PAD
    0x0801d9a0   0x00000140   Code   RO        11040    i.tcp_recved        tcp.o
    0x0801dae0   0x00000018   Code   RO        11041    i.tcp_remove_listener  tcp.o
    0x0801daf8   0x0000005a   Code   RO        11375    i.tcp_rexmit        tcp_out.o
    0x0801db52   0x00000074   Code   RO        11376    i.tcp_rexmit_fast   tcp_out.o
    0x0801dbc6   0x0000003a   Code   RO        11377    i.tcp_rexmit_rto    tcp_out.o
    0x0801dc00   0x0000013c   Code   RO        11378    i.tcp_rst           tcp_out.o
    0x0801dd3c   0x0000001a   Code   RO        11042    i.tcp_seg_free      tcp.o
    0x0801dd56   0x00000018   Code   RO        11043    i.tcp_segs_free     tcp.o
    0x0801dd6e   0x00000076   Code   RO        11379    i.tcp_send_empty_ack  tcp_out.o
    0x0801dde4   0x0000004a   Code   RO        11380    i.tcp_send_fin      tcp_out.o
    0x0801de2e   0x00000002   PAD
    0x0801de30   0x000000bc   Code   RO        11044    i.tcp_sent          tcp.o
    0x0801deec   0x00000062   Code   RO        11046    i.tcp_shutdown      tcp.o
    0x0801df4e   0x00000002   PAD
    0x0801df50   0x000005f4   Code   RO        11047    i.tcp_slowtmr       tcp.o
    0x0801e544   0x00000038   Code   RO        11485    i.tcp_timer_needed  timeouts.o
    0x0801e57c   0x000000a4   Code   RO        11303    i.tcp_timewait_input  tcp_in.o
    0x0801e620   0x00000024   Code   RO        11048    i.tcp_tmr           tcp.o
    0x0801e644   0x00000014   Code   RO        11304    i.tcp_trigger_input_pcb_close  tcp_in.o
    0x0801e658   0x000000ec   Code   RO        11050    i.tcp_update_rcv_ann_wnd  tcp.o
    0x0801e744   0x000006ec   Code   RO        11381    i.tcp_write         tcp_out.o
    0x0801ee30   0x0000018c   Code   RO        11382    i.tcp_write_checks  tcp_out.o
    0x0801efbc   0x000000c6   Code   RO        11383    i.tcp_zero_window_probe  tcp_out.o
    0x0801f082   0x00000002   PAD
    0x0801f084   0x000000e4   Code   RO         9504    i.tcpip_callback_with_block  tcpip.o
    0x0801f168   0x00000140   Code   RO         9507    i.tcpip_init        tcpip.o
    0x0801f2a8   0x000000dc   Code   RO         9508    i.tcpip_inpkt       tcpip.o
    0x0801f384   0x00000030   Code   RO         9509    i.tcpip_input       tcpip.o
    0x0801f3b4   0x00000024   Code   RO         9510    i.tcpip_send_msg_wait_sem  tcpip.o
    0x0801f3d8   0x00000038   Code   RO        11486    i.tcpip_tcp_timer   timeouts.o
    0x0801f410   0x00000144   Code   RO         9511    i.tcpip_thread      tcpip.o
    0x0801f554   0x000000e0   Code   RO        14048    i.tlv_parse         tlv.o
    0x0801f634   0x00000258   Code   RO        14049    i.tlv_serialize     tlv.o
    0x0801f88c   0x00000026   Code   RO        14118    i.transaction_free  transaction.o
    0x0801f8b2   0x00000128   Code   RO        14119    i.transaction_handleResponse  transaction.o
    0x0801f9da   0x000000ac   Code   RO        14120    i.transaction_new   transaction.o
    0x0801fa86   0x0000001a   Code   RO        14121    i.transaction_remove  transaction.o
    0x0801faa0   0x000000d6   Code   RO        14122    i.transaction_send  transaction.o
    0x0801fb76   0x00000054   Code   RO        14123    i.transaction_step  transaction.o
    0x0801fbca   0x00000002   PAD
    0x0801fbcc   0x00000030   Code   RO         9304    i.tryget_socket     sockets.o
    0x0801fbfc   0x00000094   Code   RO        11556    i.udp_bind          udp.o
    0x0801fc90   0x00000070   Code   RO        11557    i.udp_connect       udp.o
    0x0801fd00   0x00000010   Code   RO        11558    i.udp_disconnect    udp.o
    0x0801fd10   0x00000002   Code   RO        11559    i.udp_init          udp.o
    0x0801fd12   0x00000002   PAD
    0x0801fd14   0x000001cc   Code   RO        11560    i.udp_input         udp.o
    0x0801fee0   0x00000048   Code   RO        11561    i.udp_input_local_match  udp.o
    0x0801ff28   0x00000030   Code   RO        11562    i.udp_netif_ipv4_addr_changed  udp.o
    0x0801ff58   0x0000001c   Code   RO        11563    i.udp_new           udp.o
    0x0801ff74   0x0000000e   Code   RO        11564    i.udp_new_ip_type   udp.o
    0x0801ff82   0x00000002   PAD
    0x0801ff84   0x00000058   Code   RO        11565    i.udp_new_port      udp.o
    0x0801ffdc   0x00000006   Code   RO        11566    i.udp_recv          udp.o
    0x0801ffe2   0x00000002   PAD
    0x0801ffe4   0x00000044   Code   RO        11567    i.udp_remove        udp.o
    0x08020028   0x0000001e   Code   RO        11568    i.udp_send          udp.o
    0x08020046   0x0000003c   Code   RO        11569    i.udp_sendto        udp.o
    0x08020082   0x00000052   Code   RO        11570    i.udp_sendto_if     udp.o
    0x080200d4   0x00000170   Code   RO        11571    i.udp_sendto_if_src  udp.o
    0x08020244   0x000000ac   Code   RO        14481    i.update_battery_level  lwm2mclient.o
    0x080202f0   0x00000184   Code   RO        14187    i.uri_decode        uri_1.o
    0x08020474   0x00000016   Code   RO        14188    i.uri_getNumber     uri_1.o
    0x0802048a   0x000000ea   Code   RO        14189    i.uri_toString      uri_1.o
    0x08020574   0x000000b8   Code   RO        14237    i.utils_base64Encode  utils.o
    0x0802062c   0x0000001a   Code   RO        14238    i.utils_base64GetSize  utils.o
    0x08020646   0x00000054   Code   RO        14239    i.utils_convertMediaType  utils.o
    0x0802069a   0x00000018   Code   RO        14240    i.utils_copyValue   utils.o
    0x080206b2   0x00000020   Code   RO        14243    i.utils_findServer  utils.o
    0x080206d2   0x00000002   PAD
    0x080206d4   0x000001d4   Code   RO        14244    i.utils_floatToText  utils.o
    0x080208a8   0x000000a0   Code   RO        14245    i.utils_intToText   utils.o
    0x08020948   0x00000072   Code   RO        14246    i.utils_isAltPathValid  utils.o
    0x080209ba   0x0000002c   Code   RO        14247    i.utils_stringCopy  utils.o
    0x080209e6   0x0000007e   Code   RO        14248    i.utils_stringToBinding  utils.o
    0x08020a64   0x00000158   Code   RO        14249    i.utils_textToFloat  utils.o
    0x08020bbc   0x000000b0   Code   RO        14250    i.utils_textToInt   utils.o
    0x08020c6c   0x0000002c   Code   RO        15599    locale$$code        c_w.l(lc_ctype_c.o)
    0x08020c98   0x00000062   Code   RO        15465    x$fpl$d2f           fz_wm.l(d2f.o)
    0x08020cfa   0x00000002   PAD
    0x08020cfc   0x00000150   Code   RO        15467    x$fpl$dadd          fz_wm.l(daddsub_clz.o)
    0x08020e4c   0x00000018   Code   RO        15652    x$fpl$dcmpinf       fz_wm.l(dcmpi.o)
    0x08020e64   0x000002b0   Code   RO        15474    x$fpl$ddiv          fz_wm.l(ddiv.o)
    0x08021114   0x0000005a   Code   RO        15481    x$fpl$dfixu         fz_wm.l(dfixu.o)
    0x0802116e   0x0000002e   Code   RO        15490    x$fpl$dflt          fz_wm.l(dflt_clz.o)
    0x0802119c   0x000000a2   Code   RO        15495    x$fpl$dfltll        fz_wm.l(dfltll_clz.o)
    0x0802123e   0x00000026   Code   RO        15489    x$fpl$dfltu         fz_wm.l(dflt_clz.o)
    0x08021264   0x00000078   Code   RO        15499    x$fpl$dleqf         fz_wm.l(dleqf.o)
    0x080212dc   0x00000154   Code   RO        15501    x$fpl$dmul          fz_wm.l(dmul.o)
    0x08021430   0x0000009c   Code   RO        15654    x$fpl$dnaninf       fz_wm.l(dnaninf.o)
    0x080214cc   0x0000000c   Code   RO        15656    x$fpl$dretinf       fz_wm.l(dretinf.o)
    0x080214d8   0x0000006c   Code   RO        15503    x$fpl$drleqf        fz_wm.l(drleqf.o)
    0x08021544   0x00000016   Code   RO        15468    x$fpl$drsb          fz_wm.l(daddsub_clz.o)
    0x0802155a   0x00000002   PAD
    0x0802155c   0x000001d4   Code   RO        15469    x$fpl$dsub          fz_wm.l(daddsub_clz.o)
    0x08021730   0x00000056   Code   RO        15505    x$fpl$f2d           fz_wm.l(f2d.o)
    0x08021786   0x0000008c   Code   RO        15658    x$fpl$fnaninf       fz_wm.l(fnaninf.o)
    0x08021812   0x0000000a   Code   RO        15774    x$fpl$fpinit        fz_wm.l(fpinit.o)
    0x0802181c   0x0000000a   Code   RO        15660    x$fpl$fretinf       fz_wm.l(fretinf.o)
    0x08021826   0x00000002   PAD
    0x08021828   0x000000c2   Code   RO        15477    x$fpl$llsfromd      fz_wm.l(dfixll.o)
    0x080218ea   0x00000000   Code   RO        15670    x$fpl$usenofp       fz_wm.l(usenofp.o)
    0x080218ea   0x00000014   Data   RO         8491    .constdata          los_hwi.o
    0x080218fe   0x00000002   PAD
    0x08021900   0x00000044   Data   RO         9306    .constdata          sockets.o
    0x08021944   0x00000008   Data   RO        10084    .constdata          ip4_addr.o
    0x0802194c   0x000000e0   Data   RO        10585    .constdata          memp.o
    0x08021a2c   0x00000050   Data   RO        11051    .constdata          tcp.o
    0x08021a7c   0x00000030   Data   RO        11487    .constdata          timeouts.o
    0x08021aac   0x0000000c   Data   RO        11678    .constdata          ethernet.o
    0x08021ab8   0x00000008   Data   RO        14572    .constdata          object_access_control.o
    0x08021ac0   0x00000016   Data   RO        14654    .constdata          object_connectivity_moni.o
    0x08021ad6   0x00000002   PAD
    0x08021ad8   0x0000000c   Data   RO        14714    .constdata          object_connectivity_stat.o
    0x08021ae4   0x0000003e   Data   RO        14789    .constdata          object_device.o
    0x08021b22   0x00000002   PAD
    0x08021b24   0x0000000e   Data   RO        14934    .constdata          object_location.o
    0x08021b32   0x00000002   PAD
    0x08021b34   0x0000001a   Data   RO        15003    .constdata          object_security.o
    0x08021b4e   0x00000002   PAD
    0x08021b50   0x00000022   Data   RO        15077    .constdata          object_server.o
    0x08021b72   0x00000028   Data   RO        15383    .constdata          c_w.l(_printf_hex_int_ll_ptr.o)
    0x08021b9a   0x00000011   Data   RO        15403    .constdata          c_w.l(__printf_flags_ss_wp.o)
    0x08021bab   0x00000004   Data   RO        15672    .constdata          c_w.l(sys_io.o)
    0x08021baf   0x00000004   Data   RO        15673    .constdata          c_w.l(sys_io.o)
    0x08021bb3   0x00000004   Data   RO        15674    .constdata          c_w.l(sys_io.o)
    0x08021bb7   0x00000001   PAD
    0x08021bb8   0x0000008c   Data   RO         9662    .conststring        dhcp.o
    0x08021c44   0x00000041   Data   RO         9863    .conststring        etharp.o
    0x08021c85   0x00000003   PAD
    0x08021c88   0x00000075   Data   RO        11052    .conststring        tcp.o
    0x08021cfd   0x00000003   PAD
    0x08021d00   0x00000055   Data   RO        11384    .conststring        tcp_out.o
    0x08021d55   0x00000003   PAD
    0x08021d58   0x00000171   Data   RO        12589    .conststring        pdu.o
    0x08021ec9   0x00000003   PAD
    0x08021ecc   0x00000041   Data   RO        14483    .conststring        lwm2mclient.o
    0x08021f0d   0x00000003   PAD
    0x08021f10   0x00000044   Data   RO        15198    .conststring        test_object.o
    0x08021f54   0x00000030   Data   RO        15889    Region$$Table       anon$$obj.o
    0x08021f84   0x00000110   Data   RO        15598    locale$$data        c_w.l(lc_ctype_c.o)


    Execution Region VECTOR (Base: 0x20000000, Size: 0x00000400, Max: 0x00000400, ABSOLUTE, COMPRESSED[0x0000001c])

    Base Addr    Size         Type   Attr      Idx    E Section Name        Object

    0x20000000   0x00000400   Data   RW         8493    .vector.bss         los_hwi.o


    Execution Region ARM_LIB_STACKHEAP (Base: 0x20000400, Size: 0x00000400, Max: 0x00000400, ABSOLUTE)

    Base Addr    Size         Type   Attr      Idx    E Section Name        Object

    0x20000400   0x00000400   Zero   RW            1    ARM_LIB_STACKHEAP.bss  anon$$obj.o


    Execution Region RW_IRAM1 (Base: 0x20000800, Size: 0x0002b1fc, Max: 0x0002f800, ABSOLUTE, COMPRESSED[0x000000e4])

    Base Addr    Size         Type   Attr      Idx    E Section Name        Object

    0x20000800   0x00000018   Data   RW           19    .data               main.o
    0x20000818   0x00000014   Data   RW          538    .data               system_stm32f4xx.o
    0x2000082c   0x00000004   Data   RW          579    .data               dwt.o
    0x20000830   0x00000006   Data   RW          772    .data               lan8742a.o
    0x20000836   0x00000002   PAD
    0x20000838   0x00000010   Data   RW          932    .data               stm32f429_eth.o
    0x20000848   0x00000010   Data   RW         4223    .data               stm32f4xx_rcc.o
    0x20000858   0x00000004   Data   RW         6843    .data               los_priqueue.o
    0x2000085c   0x00000010   Data   RW         6931    .data               los_swtmr.o
    0x2000086c   0x00000048   Data   RW         7162    .data               los_task.o
    0x200008b4   0x00000004   PAD
    0x200008b8   0x00000014   Data   RW         7410    .data               los_tick.o
    0x200008cc   0x00000008   Data   RW         7447    .data               los_timeslice.o
    0x200008d4   0x0000000c   Data   RW         7563    .data               los_mux.o
    0x200008e0   0x0000000c   Data   RW         7663    .data               los_queue.o
    0x200008ec   0x0000000c   Data   RW         7800    .data               los_sem.o
    0x200008f8   0x00000008   Data   RW         7881    .data               los_heap.o
    0x20000900   0x00000004   Data   RW         8315    .data               los_err.o
    0x20000904   0x00000004   Data   RW         8492    .data               los_hwi.o
    0x20000908   0x00000004   Data   RW         8561    .data               ethernetif.o
    0x2000090c   0x0000000c   Data   RW         9307    .data               sockets.o
    0x20000918   0x00000010   Data   RW         9513    .data               tcpip.o
    0x20000928   0x00000010   Data   RW         9663    .data               dhcp.o
    0x20000938   0x00000001   Data   RW         9864    .data               etharp.o
    0x20000939   0x00000001   PAD
    0x2000093a   0x00000002   Data   RW        10022    .data               ip4.o
    0x2000093c   0x00000006   Data   RW        10153    .data               ip4_frag.o
    0x20000942   0x00000002   PAD
    0x20000944   0x0000000c   Data   RW        10283    .data               dns.o
    0x20000950   0x00000010   Data   RW        10526    .data               mem.o
    0x20000960   0x00000038   Data   RW        10586    .data               memp.o
    0x20000998   0x00000009   Data   RW        10684    .data               netif.o
    0x200009a1   0x00000003   PAD
    0x200009a4   0x00000020   Data   RW        11053    .data               tcp.o
    0x200009c4   0x00000028   Data   RW        11306    .data               tcp_in.o
    0x200009ec   0x0000000c   Data   RW        11488    .data               timeouts.o
    0x200009f8   0x00000008   Data   RW        11572    .data               udp.o
    0x20000a00   0x000000c4   Data   RW        12590    .data               pdu.o
    0x20000ac4   0x00000040   Data   RW        14251    .data               utils.o
    0x20000b04   0x00000014   Data   RW        14484    .data               lwm2mclient.o
    0x20000b18   0x00000004   Data   RW        15419    .data               c_w.l(stdio_streams.o)
    0x20000b1c   0x00000004   Data   RW        15420    .data               c_w.l(stdio_streams.o)
    0x20000b20   0x00000004   Data   RW        15421    .data               c_w.l(stdio_streams.o)
    0x20000b24   0x00000004   Data   RW        15431    .data               c_w.l(signal.o)
    0x20000b28   0x00000004   Data   RW        15752    .data               c_w.l(heapauxa.o)
    0x20000b2c   0x00000038   Zero   RW           18    .bss                main.o
    0x20000b64   0x000000bc   Zero   RW          771    .bss                lan8742a.o
    0x20000c20   0x00003cd4   Zero   RW          931    .bss                stm32f429_eth.o
    0x200048f4   0x00020000   Zero   RW         8353    .bss                los_init.o
    0x200248f4   0x00000400   Zero   RW         8490    .bss                los_hwi.o
    0x20024cf4   0x00000050   Zero   RW         9305    .bss                sockets.o
    0x20024d44   0x000000f0   Zero   RW         9862    .bss                etharp.o
    0x20024e34   0x00000480   Zero   RW        10282    .bss                dns.o
    0x200252b4   0x00000018   Zero   RW        10495    .bss                ip.o
    0x200252cc   0x00002813   Zero   RW        10525    .bss                mem.o
    0x20027adf   0x00003c6e   Zero   RW        10584    .bss                memp.o
    0x2002b74d   0x00000003   PAD
    0x2002b750   0x00000010   Zero   RW        11305    .bss                tcp_in.o
    0x2002b760   0x00000024   Zero   RW        14482    .bss                lwm2mclient.o
    0x2002b784   0x00000054   Zero   RW        15416    .bss                c_w.l(stdio_streams.o)
    0x2002b7d8   0x00000054   Zero   RW        15417    .bss                c_w.l(stdio_streams.o)
    0x2002b82c   0x00000054   Zero   RW        15418    .bss                c_w.l(stdio_streams.o)
    0x2002b880   0x000000e4   Zero   RW        15426    .bss                c_w.l(rand.o)
    0x2002b964   0x00000038   Zero   RW        15430    .bss                c_w.l(signal.o)
    0x2002b99c   0x00000060   Zero   RW        15508    .bss                c_w.l(libspace.o)


==============================================================================

Image component sizes


      Code (inc. data)   RO Data    RW Data    ZI Data      Debug   Object Name

      3762       2080          0          0          0      33862   api_lib.o
      8232       3158          0          0          0      32288   api_msg.o
         0          0          0          0          0       7316   async.o
         0          0          0          0          0       5824   block.o
       286          8          0          0          0      23135   block1.o
       196         12          0          0          0       2697   bsp_debug_usart.o
       158         20          0          0          0       3542   bsp_key.o
       128         10          0          0          0        682   bsp_led.o
         0          0          0          0          0      10060   cmsis_liteos.o
       634         90          0          0          0      10439   connection.o
      1732         32          0          0          0      15712   data.o
        62          0          0          0          0       2468   def.o
      5044       1856        140         16          0      19935   dhcp.o
      2240         88          0          0          0       9897   discover.o
      2754        390          0         12       1152      17262   dns.o
        48         14          0          4          0       3572   dwt.o
        16          0          0          0          0        651   encode.o
      4212       1462         65          1        240      13639   etharp.o
       184          4         12          0          0       3188   ethernet.o
       992        258          0          4          0       8305   ethernetif.o
       976        372          0          0          0       4174   icmp.o
       176          0          0          0          0       2294   inet_chksum.o
        36          0          0          0          0        592   init.o
         0          0          0          0         24       3182   ip.o
      1106        198          0          2          0      15979   ip4.o
       786        132          8          0          0       9206   ip4_addr.o
      3158       1090          0          6          0      11482   ip4_frag.o
       544         34          0          6        188      11874   lan8742a.o
       918         16          0          0          0      10225   liblwm2m.o
       232          4          0          0          0       7412   list.o
       232         24          0          0          0        380   los_dispatch_keil.o
        68         10          0          4          0       2438   los_err.o
       810        102          0          8          0       6309   los_heap.o
       400         20          0          0          0       3054   los_hw.o
       196         40          0          0          0      27541   los_hw_tick.o
       432         90         20       1028       1024      33819   los_hwi.o
       362        120          0          0     131072       3523   los_init.o
       222          4          0          0          0       3765   los_memory.o
        28          0          0          0          0        644   los_misc.o
       116         16          0         12          0      11736   los_mux.o
       232         24          0          4          0       6178   los_priqueue.o
      1224        110          0         12          0      20316   los_queue.o
      1072        244          0         12          0       8482   los_sem.o
       410          0          0          0          0       6814   los_slab.o
       460         46          0          0          0       4762   los_slabmem.o
        44         22          0          0          0        292   los_startup_keil.o
       620        118          0         16          0       8557   los_swtmr.o
        52          6          0          0          0       1181   los_sys.o
      2522        342          0         72          0      25618   los_task.o
        40          6          0         20          0        947   los_tick.o
        92         16          0          8          0       1357   los_timeslice.o
      3396       1348         65         20         36      10318   lwm2mclient.o
       708        214          0         24         56     378777   main.o
      1520         50          0          0          0       3543   management.o
      2264       1052          0         16      10259       5749   mem.o
       824        544        224         56      15470      11390   memp.o
       120         14          0          0          0       1248   misc.o
       424        246          0          0          0      10699   netbuf.o
       580        180          0          0          0      10343   netdb.o
       576        146          0          9          0       9975   netif.o
      1326         30          8          0          0      12753   object_access_control.o
       764        114         22          0          0       6757   object_connectivity_moni.o
       684         28         12          0          0       8040   object_connectivity_stat.o
      1734        236         62          0          0      11589   object_device.o
       606         54          0          0          0       6521   object_firmware.o
       636         40         14          0          0       6456   object_location.o
       710         30         26          0          0       7003   object_security.o
      1372         96         34          0          0      11434   object_server.o
      2856         42          0          0          0      17083   objects.o
      3194         16          0          0          0      12823   observe.o
      2140        744          0          0          0      12405   option.o
      1184         24          0          0          0       5613   packet.o
      4932       2224          0          0          0      16678   pbuf.o
      3930       1168        369        196          0      25645   pdu.o
        84          6          0          0          0       8083   platform.o
      1840        142          0          0          0      12680   registration.o
      5474       1306         68         12         80      33861   sockets.o
      2314        156          0         16      15572      17402   stm32f429_eth.o
       240          0          0          0          0       4155   stm32f4xx_gpio.o
         0          0          0          0          0       1220   stm32f4xx_it.o
       360         42          0         16          0       5900   stm32f4xx_rcc.o
        12          6          0          0          0        614   stm32f4xx_rng.o
        12          6          0          0          0        678   stm32f4xx_syscfg.o
       214         28          0          0          0       4306   stm32f4xx_tim.o
       288          8          0          0          0       4474   stm32f4xx_usart.o
      1400        262          0          0          0      10998   sys_arch.o
         4          0          0          0          0       1736   system_api.o
       392         32          0         20          0       1869   system_stm32f4xx.o
      6998       2682        197         32          0      40687   tcp.o
      6772       1372          0         40         16      20099   tcp_in.o
      5784       1784         85          0          0      17571   tcp_out.o
      1176        632          0         16          0       7797   tcpip.o
      1140        110         68          0          0       9873   test_object.o
       848        264         48         12          0       7640   timeouts.o
      2024         74          0          0          0      10883   tlv.o
       984          8          0          0          0       8741   transaction.o
      1602        326          0          8          0      15090   udp.o
      1026         16          0          0          0       5948   uri_1.o
      1846        114          0         64          0      12067   utils.o

    ----------------------------------------------------------------------
    127688      30704       1620       1816     176216    1345821   Object Totals
         0          0         48          0       1024          0   (incl. Generated)
       128          0         25         12          3          0   (incl. Padding)

    ----------------------------------------------------------------------

      Code (inc. data)   RO Data    RW Data    ZI Data      Debug   Library Member Name

        20          0          0          0          0         84   __2fprintf.o
        24          4          0          0          0         84   __2printf.o
        44          6          0          0          0         84   __2sprintf.o
        90          0          0          0          0          0   __dczerorl2.o
         8          0          0          0          0         68   __main.o
       392          4         17          0          0         92   __printf_flags_ss_wp.o
        14          0          0          0          0         68   __printf_wp.o
        48          0          0          0          0         88   __raise.o
         0          0          0          0          0          0   __rtentry.o
        12          0          0          0          0          0   __rtentry2.o
         8          4          0          0          0          0   __rtentry6.o
        52          8          0          0          0          0   __scatter.o
        28          0          0          0          0          0   __scatter_zi.o
        28          0          0          0          0         68   _chval.o
         6          0          0          0          0          0   _printf_c.o
        44          0          0          0          0        108   _printf_char.o
        48          6          0          0          0         96   _printf_char_common.o
        36          4          0          0          0         80   _printf_char_file.o
         6          0          0          0          0          0   _printf_d.o
       120         16          0          0          0         92   _printf_dec.o
       148          4         40          0          0        160   _printf_hex_int_ll_ptr.o
       178          0          0          0          0         88   _printf_intcommon.o
         6          0          0          0          0          0   _printf_p.o
        78          0          0          0          0        108   _printf_pad.o
         0          0          0          0          0          0   _printf_percent.o
         4          0          0          0          0          0   _printf_percent_end.o
         6          0          0          0          0          0   _printf_s.o
        82          0          0          0          0         80   _printf_str.o
        36          0          0          0          0         84   _printf_truncate.o
         6          0          0          0          0          0   _printf_u.o
         6          0          0          0          0          0   _printf_x.o
        10          0          0          0          0         68   _sputc.o
       158          0          0          0          0         92   _strtoul.o
         4          0          0          0          0         68   aeabi_ldiv0_sigfpe.o
        16          0          0          0          0         68   aeabi_memset.o
        26          0          0          0          0         80   atoi.o
        80         56          0          0          0         68   defsig.o
         8          0          0          0          0         68   defsig_fpe_formal.o
       172        110          0          0          0         76   defsig_fpe_inner.o
        50          0          0          0          0         88   defsig_general.o
         8          0          0          0          0         68   defsig_rtmem_formal.o
        80         58          0          0          0         76   defsig_rtmem_inner.o
         8          0          0          0          0         68   defsig_rtred_formal.o
        52         38          0          0          0         76   defsig_rtred_inner.o
        18          0          0          0          0         80   exit.o
        76          0          0          0          0         88   fclose.o
         8          0          0          0          0         68   ferror.o
       100          4          0          0          0        120   fflush.o
       236          4          0          0          0        128   fopen.o
       248          6          0          0          0         84   fseek.o
        66          0          0          0          0         76   ftell.o
        94          0          0          0          0         80   h1_alloc.o
        52          0          0          0          0         68   h1_extend.o
        78          0          0          0          0         80   h1_free.o
        14          0          0          0          0         84   h1_init.o
        80          6          0          4          0         96   heapauxa.o
         4          0          0          0          0        136   hguard.o
         0          0          0          0          0          0   indicate_semi.o
       138          0          0          0          0        168   init_alloc.o
       312         46          0          0          0        112   initio.o
        44         10        272          0          0         76   lc_ctype_c.o
         2          0          0          0          0          0   libinit.o
        36          0          0          0          0          0   libinit2.o
        16          8          0          0          0          0   libinit4.o
         2          0          0          0          0          0   libshutdown.o
         6          0          0          0          0          0   libshutdown2.o
         0          0          0          0         96          0   libspace.o
        72          0          0          0          0         76   llsdiv.o
       238          0          0          0          0        100   lludivv7m.o
         0          0          0          0          0          0   maybesigfinish1.o
         0          0          0          0          0          0   maybetermalloc1.o
        88          0          0          0          0         76   memcmp.o
         8          0          0          0          0         76   memcpy.o
         4          0          0          0          0         68   mutex_dummy.o
       112         18          0          0        228        160   rand.o
        16          4          0          0          0         76   rt_ctype_table.o
        10          0          0          0          0         76   rt_div0.o
         8          4          0          0          0         68   rt_errno_addr_intlibspace.o
         8          4          0          0          0         68   rt_heap_descriptor_intlibspace.o
         8          4          0          0          0         68   rt_locale_intlibspace.o
        68          0          0          0          0         68   rt_memclr.o
        78          0          0          0          0         80   rt_memclr_w.o
       138          0          0          0          0         68   rt_memcpy_v6.o
       100          0          0          0          0         80   rt_memcpy_w.o
       132          0          0          0          0         68   rt_memmove_v6.o
       122          0          0          0          0         80   rt_memmove_w.o
        20          0          0          0          0         80   rt_raise.o
         2          0          0          0          0          0   rtexit.o
        10          0          0          0          0          0   rtexit2.o
        70          0          0          0          0         80   setvbuf.o
       132          8          0          4         56        124   signal.o
       240          6          0          0          0        156   stdio.o
         0          0          0         12        252          0   stdio_streams.o
       128          0          0          0          0         68   strcmpv7m.o
        72          0          0          0          0         80   strcpy.o
       264        228          0          0          0         68   strerror.o
        62          0          0          0          0         76   strlen.o
       150          0          0          0          0         80   strncmp.o
        86          0          0          0          0         76   strncpy.o
        22          0          0          0          0         68   strrchr.o
       112          0          0          0          0         88   strtol.o
        12          4          0          0          0         68   sys_exit.o
       102          0         12          0          0        240   sys_io.o
        14          0          0          0          0         76   sys_wrch.o
         2          0          0          0          0         68   use_no_semi.o
        98          4          0          0          0        140   d2f.o
       826         16          0          0          0        492   daddsub_clz.o
        24          0          0          0          0        116   dcmpi.o
       688        140          0          0          0        256   ddiv.o
       194          4          0          0          0        164   dfixll.o
        90          4          0          0          0        140   dfixu.o
        84          0          0          0          0        232   dflt_clz.o
       162          0          0          0          0        132   dfltll_clz.o
       120          4          0          0          0        140   dleqf.o
       340         12          0          0          0        152   dmul.o
       156          4          0          0          0        140   dnaninf.o
        12          0          0          0          0        116   dretinf.o
       108          0          0          0          0        128   drleqf.o
        86          4          0          0          0        132   f2d.o
       140          4          0          0          0        132   fnaninf.o
        10          0          0          0          0        116   fpinit.o
        10          0          0          0          0        116   fretinf.o
         0          0          0          0          0          0   usenofp.o

    ----------------------------------------------------------------------
      9762        878        342         20        632       9736   Library Totals
        24          0          1          0          0          0   (incl. Padding)

    ----------------------------------------------------------------------

      Code (inc. data)   RO Data    RW Data    ZI Data      Debug   Library Name

      6590        682        341         20        632       6892   c_w.l
      3148        196          0          0          0       2844   fz_wm.l

    ----------------------------------------------------------------------
      9762        878        342         20        632       9736   Library Totals

    ----------------------------------------------------------------------

==============================================================================


      Code (inc. data)   RO Data    RW Data    ZI Data      Debug   

    137450      31582       1962       1836     176848    1277005   Grand Totals
    137450      31582       1962        256     176848    1277005   ELF Image Totals (compressed)
    137450      31582       1962        256          0          0   ROM Totals

==============================================================================

    Total RO  Size (Code + RO Data)               139412 ( 136.14kB)
    Total RW  Size (RW Data + ZI Data)            178684 ( 174.50kB)
    Total ROM Size (Code + RO Data + RW Data)     139668 ( 136.39kB)

==============================================================================

